[    0.000000] Linux version 5.15.0-60-generic (buildd@lcy02-amd64-017) (gcc (Ubuntu 9.4.0-1ubuntu1~20.04.1) 9.4.0, GNU ld (GNU Binutils for Ubuntu) 2.34) #66~20.04.1-Ubuntu SMP Wed Jan 25 09:41:30 UTC 2023 (Ubuntu 5.15.0-60.66~20.04.1-generic 5.15.78)
[    0.000000] Command line: BOOT_IMAGE=/boot/vmlinuz-5.15.0-60-generic root=UUID=cb5989e5-99d1-47f3-8fcc-83140dbc72d1 ro quiet splash
[    0.000000] KERNEL supported cpus:
[    0.000000]   Intel GenuineIntel
[    0.000000]   AMD AuthenticAMD
[    0.000000]   Hygon HygonGenuine
[    0.000000]   Centaur CentaurHauls
[    0.000000]   zhaoxin   Shanghai  
[    0.000000] x86/fpu: Supporting XSAVE feature 0x001: 'x87 floating point registers'
[    0.000000] x86/fpu: Supporting XSAVE feature 0x002: 'SSE registers'
[    0.000000] x86/fpu: Supporting XSAVE feature 0x004: 'AVX registers'
[    0.000000] x86/fpu: Supporting XSAVE feature 0x200: 'Protection Keys User registers'
[    0.000000] x86/fpu: xstate_offset[2]:  576, xstate_sizes[2]:  256
[    0.000000] x86/fpu: xstate_offset[9]:  832, xstate_sizes[9]:    8
[    0.000000] x86/fpu: Enabled xstate features 0x207, context size is 840 bytes, using 'compacted' format.
[    0.000000] signal: max sigframe size: 3376
[    0.000000] BIOS-provided physical RAM map:
[    0.000000] BIOS-e820: [mem 0x0000000000000000-0x000000000009e7ff] usable
[    0.000000] BIOS-e820: [mem 0x000000000009e800-0x000000000009ffff] reserved
[    0.000000] BIOS-e820: [mem 0x00000000000dc000-0x00000000000fffff] reserved
[    0.000000] BIOS-e820: [mem 0x0000000000100000-0x00000000bfecffff] usable
[    0.000000] BIOS-e820: [mem 0x00000000bfed0000-0x00000000bfefefff] ACPI data
[    0.000000] BIOS-e820: [mem 0x00000000bfeff000-0x00000000bfefffff] ACPI NVS
[    0.000000] BIOS-e820: [mem 0x00000000bff00000-0x00000000bfffffff] usable
[    0.000000] BIOS-e820: [mem 0x00000000f0000000-0x00000000f7ffffff] reserved
[    0.000000] BIOS-e820: [mem 0x00000000fec00000-0x00000000fec0ffff] reserved
[    0.000000] BIOS-e820: [mem 0x00000000fee00000-0x00000000fee00fff] reserved
[    0.000000] BIOS-e820: [mem 0x00000000fffe0000-0x00000000ffffffff] reserved
[    0.000000] BIOS-e820: [mem 0x0000000100000000-0x000000013fffffff] usable
[    0.000000] NX (Execute Disable) protection: active
[    0.000000] SMBIOS 2.7 present.
[    0.000000] DMI: VMware, Inc. VMware Virtual Platform/440BX Desktop Reference Platform, BIOS 6.00 07/22/2020
[    0.000000] vmware: hypercall mode: 0x01
[    0.000000] Hypervisor detected: VMware
[    0.000000] vmware: TSC freq read from hypervisor : 3194.002 MHz
[    0.000000] vmware: Host bus clock speed read from hypervisor : 66000000 Hz
[    0.000000] vmware: using clock offset of 14604266725 ns
[    0.000015] tsc: Detected 3194.002 MHz processor
[    0.001522] e820: update [mem 0x00000000-0x00000fff] usable ==> reserved
[    0.001526] e820: remove [mem 0x000a0000-0x000fffff] usable
[    0.001531] last_pfn = 0x140000 max_arch_pfn = 0x400000000
[    0.001574] x86/PAT: Configuration [0-7]: WB  WC  UC- UC  WB  WP  UC- WT  
[    0.001588] total RAM covered: 130048M
[    0.001707] Found optimal setting for mtrr clean up
[    0.001708]  gran_size: 64K 	chunk_size: 64K 	num_reg: 7  	lose cover RAM: 0G
[    0.001761] e820: update [mem 0xc0000000-0xffffffff] usable ==> reserved
[    0.001770] last_pfn = 0xc0000 max_arch_pfn = 0x400000000
[    0.004828] found SMP MP-table at [mem 0x000f6a70-0x000f6a7f]
[    0.004850] Using GB pages for direct mapping
[    0.005100] RAMDISK: [mem 0x3035f000-0x341a6fff]
[    0.005107] ACPI: Early table checksum verification disabled
[    0.005111] ACPI: RSDP 0x00000000000F6A00 000024 (v02 PTLTD )
[    0.005115] ACPI: XSDT 0x00000000BFEDC633 00005C (v01 INTEL  440BX    06040000 VMW  01324272)
[    0.005120] ACPI: FACP 0x00000000BFEFEE73 0000F4 (v04 INTEL  440BX    06040000 PTL  000F4240)
[    0.005126] ACPI: DSDT 0x00000000BFEDD9E8 02148B (v01 PTLTD  Custom   06040000 MSFT 03000001)
[    0.005133] ACPI: FACS 0x00000000BFEFFFC0 000040
[    0.005136] ACPI: FACS 0x00000000BFEFFFC0 000040
[    0.005138] ACPI: BOOT 0x00000000BFEDD9C0 000028 (v01 PTLTD  $SBFTBL$ 06040000  LTP 00000001)
[    0.005141] ACPI: APIC 0x00000000BFEDD27E 000742 (v01 PTLTD  ? APIC   06040000  LTP 00000000)
[    0.005144] ACPI: MCFG 0x00000000BFEDD242 00003C (v01 PTLTD  $PCITBL$ 06040000  LTP 00000001)
[    0.005147] ACPI: SRAT 0x00000000BFEDC72F 0008D0 (v02 VMWARE MEMPLUG  06040000 VMW  00000001)
[    0.005150] ACPI: HPET 0x00000000BFEDC6F7 000038 (v01 VMWARE VMW HPET 06040000 VMW  00000001)
[    0.005152] ACPI: WAET 0x00000000BFEDC6CF 000028 (v01 VMWARE VMW WAET 06040000 VMW  00000001)
[    0.005155] ACPI: Reserving FACP table memory at [mem 0xbfefee73-0xbfefef66]
[    0.005156] ACPI: Reserving DSDT table memory at [mem 0xbfedd9e8-0xbfefee72]
[    0.005157] ACPI: Reserving FACS table memory at [mem 0xbfefffc0-0xbfefffff]
[    0.005158] ACPI: Reserving FACS table memory at [mem 0xbfefffc0-0xbfefffff]
[    0.005159] ACPI: Reserving BOOT table memory at [mem 0xbfedd9c0-0xbfedd9e7]
[    0.005160] ACPI: Reserving APIC table memory at [mem 0xbfedd27e-0xbfedd9bf]
[    0.005161] ACPI: Reserving MCFG table memory at [mem 0xbfedd242-0xbfedd27d]
[    0.005161] ACPI: Reserving SRAT table memory at [mem 0xbfedc72f-0xbfedcffe]
[    0.005162] ACPI: Reserving HPET table memory at [mem 0xbfedc6f7-0xbfedc72e]
[    0.005163] ACPI: Reserving WAET table memory at [mem 0xbfedc6cf-0xbfedc6f6]
[    0.005193] system APIC only can use physical flat
[    0.005193] Setting APIC routing to physical flat.
[    0.005246] SRAT: PXM 0 -> APIC 0x00 -> Node 0
[    0.005247] SRAT: PXM 0 -> APIC 0x01 -> Node 0
[    0.005248] SRAT: PXM 0 -> APIC 0x02 -> Node 0
[    0.005249] SRAT: PXM 0 -> APIC 0x03 -> Node 0
[    0.005250] SRAT: PXM 0 -> APIC 0x04 -> Node 0
[    0.005250] SRAT: PXM 0 -> APIC 0x05 -> Node 0
[    0.005251] SRAT: PXM 0 -> APIC 0x06 -> Node 0
[    0.005252] SRAT: PXM 0 -> APIC 0x07 -> Node 0
[    0.005252] SRAT: PXM 0 -> APIC 0x08 -> Node 0
[    0.005253] SRAT: PXM 0 -> APIC 0x09 -> Node 0
[    0.005254] SRAT: PXM 0 -> APIC 0x0a -> Node 0
[    0.005254] SRAT: PXM 0 -> APIC 0x0b -> Node 0
[    0.005255] SRAT: PXM 0 -> APIC 0x0c -> Node 0
[    0.005256] SRAT: PXM 0 -> APIC 0x0d -> Node 0
[    0.005256] SRAT: PXM 0 -> APIC 0x0e -> Node 0
[    0.005257] SRAT: PXM 0 -> APIC 0x0f -> Node 0
[    0.005258] SRAT: PXM 0 -> APIC 0x10 -> Node 0
[    0.005259] SRAT: PXM 0 -> APIC 0x11 -> Node 0
[    0.005259] SRAT: PXM 0 -> APIC 0x12 -> Node 0
[    0.005260] SRAT: PXM 0 -> APIC 0x13 -> Node 0
[    0.005261] SRAT: PXM 0 -> APIC 0x14 -> Node 0
[    0.005261] SRAT: PXM 0 -> APIC 0x15 -> Node 0
[    0.005262] SRAT: PXM 0 -> APIC 0x16 -> Node 0
[    0.005263] SRAT: PXM 0 -> APIC 0x17 -> Node 0
[    0.005264] SRAT: PXM 0 -> APIC 0x18 -> Node 0
[    0.005264] SRAT: PXM 0 -> APIC 0x19 -> Node 0
[    0.005265] SRAT: PXM 0 -> APIC 0x1a -> Node 0
[    0.005266] SRAT: PXM 0 -> APIC 0x1b -> Node 0
[    0.005266] SRAT: PXM 0 -> APIC 0x1c -> Node 0
[    0.005267] SRAT: PXM 0 -> APIC 0x1d -> Node 0
[    0.005268] SRAT: PXM 0 -> APIC 0x1e -> Node 0
[    0.005268] SRAT: PXM 0 -> APIC 0x1f -> Node 0
[    0.005269] SRAT: PXM 0 -> APIC 0x20 -> Node 0
[    0.005270] SRAT: PXM 0 -> APIC 0x21 -> Node 0
[    0.005271] SRAT: PXM 0 -> APIC 0x22 -> Node 0
[    0.005271] SRAT: PXM 0 -> APIC 0x23 -> Node 0
[    0.005272] SRAT: PXM 0 -> APIC 0x24 -> Node 0
[    0.005273] SRAT: PXM 0 -> APIC 0x25 -> Node 0
[    0.005273] SRAT: PXM 0 -> APIC 0x26 -> Node 0
[    0.005274] SRAT: PXM 0 -> APIC 0x27 -> Node 0
[    0.005275] SRAT: PXM 0 -> APIC 0x28 -> Node 0
[    0.005275] SRAT: PXM 0 -> APIC 0x29 -> Node 0
[    0.005276] SRAT: PXM 0 -> APIC 0x2a -> Node 0
[    0.005277] SRAT: PXM 0 -> APIC 0x2b -> Node 0
[    0.005278] SRAT: PXM 0 -> APIC 0x2c -> Node 0
[    0.005278] SRAT: PXM 0 -> APIC 0x2d -> Node 0
[    0.005279] SRAT: PXM 0 -> APIC 0x2e -> Node 0
[    0.005280] SRAT: PXM 0 -> APIC 0x2f -> Node 0
[    0.005280] SRAT: PXM 0 -> APIC 0x30 -> Node 0
[    0.005281] SRAT: PXM 0 -> APIC 0x31 -> Node 0
[    0.005282] SRAT: PXM 0 -> APIC 0x32 -> Node 0
[    0.005282] SRAT: PXM 0 -> APIC 0x33 -> Node 0
[    0.005283] SRAT: PXM 0 -> APIC 0x34 -> Node 0
[    0.005284] SRAT: PXM 0 -> APIC 0x35 -> Node 0
[    0.005285] SRAT: PXM 0 -> APIC 0x36 -> Node 0
[    0.005285] SRAT: PXM 0 -> APIC 0x37 -> Node 0
[    0.005286] SRAT: PXM 0 -> APIC 0x38 -> Node 0
[    0.005287] SRAT: PXM 0 -> APIC 0x39 -> Node 0
[    0.005287] SRAT: PXM 0 -> APIC 0x3a -> Node 0
[    0.005288] SRAT: PXM 0 -> APIC 0x3b -> Node 0
[    0.005289] SRAT: PXM 0 -> APIC 0x3c -> Node 0
[    0.005289] SRAT: PXM 0 -> APIC 0x3d -> Node 0
[    0.005290] SRAT: PXM 0 -> APIC 0x3e -> Node 0
[    0.005291] SRAT: PXM 0 -> APIC 0x3f -> Node 0
[    0.005291] SRAT: PXM 0 -> APIC 0x40 -> Node 0
[    0.005292] SRAT: PXM 0 -> APIC 0x41 -> Node 0
[    0.005293] SRAT: PXM 0 -> APIC 0x42 -> Node 0
[    0.005294] SRAT: PXM 0 -> APIC 0x43 -> Node 0
[    0.005294] SRAT: PXM 0 -> APIC 0x44 -> Node 0
[    0.005295] SRAT: PXM 0 -> APIC 0x45 -> Node 0
[    0.005296] SRAT: PXM 0 -> APIC 0x46 -> Node 0
[    0.005296] SRAT: PXM 0 -> APIC 0x47 -> Node 0
[    0.005297] SRAT: PXM 0 -> APIC 0x48 -> Node 0
[    0.005298] SRAT: PXM 0 -> APIC 0x49 -> Node 0
[    0.005298] SRAT: PXM 0 -> APIC 0x4a -> Node 0
[    0.005299] SRAT: PXM 0 -> APIC 0x4b -> Node 0
[    0.005300] SRAT: PXM 0 -> APIC 0x4c -> Node 0
[    0.005301] SRAT: PXM 0 -> APIC 0x4d -> Node 0
[    0.005301] SRAT: PXM 0 -> APIC 0x4e -> Node 0
[    0.005302] SRAT: PXM 0 -> APIC 0x4f -> Node 0
[    0.005303] SRAT: PXM 0 -> APIC 0x50 -> Node 0
[    0.005303] SRAT: PXM 0 -> APIC 0x51 -> Node 0
[    0.005304] SRAT: PXM 0 -> APIC 0x52 -> Node 0
[    0.005305] SRAT: PXM 0 -> APIC 0x53 -> Node 0
[    0.005305] SRAT: PXM 0 -> APIC 0x54 -> Node 0
[    0.005306] SRAT: PXM 0 -> APIC 0x55 -> Node 0
[    0.005307] SRAT: PXM 0 -> APIC 0x56 -> Node 0
[    0.005308] SRAT: PXM 0 -> APIC 0x57 -> Node 0
[    0.005308] SRAT: PXM 0 -> APIC 0x58 -> Node 0
[    0.005309] SRAT: PXM 0 -> APIC 0x59 -> Node 0
[    0.005310] SRAT: PXM 0 -> APIC 0x5a -> Node 0
[    0.005310] SRAT: PXM 0 -> APIC 0x5b -> Node 0
[    0.005311] SRAT: PXM 0 -> APIC 0x5c -> Node 0
[    0.005312] SRAT: PXM 0 -> APIC 0x5d -> Node 0
[    0.005312] SRAT: PXM 0 -> APIC 0x5e -> Node 0
[    0.005313] SRAT: PXM 0 -> APIC 0x5f -> Node 0
[    0.005314] SRAT: PXM 0 -> APIC 0x60 -> Node 0
[    0.005315] SRAT: PXM 0 -> APIC 0x61 -> Node 0
[    0.005315] SRAT: PXM 0 -> APIC 0x62 -> Node 0
[    0.005316] SRAT: PXM 0 -> APIC 0x63 -> Node 0
[    0.005317] SRAT: PXM 0 -> APIC 0x64 -> Node 0
[    0.005317] SRAT: PXM 0 -> APIC 0x65 -> Node 0
[    0.005318] SRAT: PXM 0 -> APIC 0x66 -> Node 0
[    0.005319] SRAT: PXM 0 -> APIC 0x67 -> Node 0
[    0.005319] SRAT: PXM 0 -> APIC 0x68 -> Node 0
[    0.005320] SRAT: PXM 0 -> APIC 0x69 -> Node 0
[    0.005321] SRAT: PXM 0 -> APIC 0x6a -> Node 0
[    0.005321] SRAT: PXM 0 -> APIC 0x6b -> Node 0
[    0.005322] SRAT: PXM 0 -> APIC 0x6c -> Node 0
[    0.005323] SRAT: PXM 0 -> APIC 0x6d -> Node 0
[    0.005324] SRAT: PXM 0 -> APIC 0x6e -> Node 0
[    0.005324] SRAT: PXM 0 -> APIC 0x6f -> Node 0
[    0.005325] SRAT: PXM 0 -> APIC 0x70 -> Node 0
[    0.005326] SRAT: PXM 0 -> APIC 0x71 -> Node 0
[    0.005326] SRAT: PXM 0 -> APIC 0x72 -> Node 0
[    0.005327] SRAT: PXM 0 -> APIC 0x73 -> Node 0
[    0.005328] SRAT: PXM 0 -> APIC 0x74 -> Node 0
[    0.005328] SRAT: PXM 0 -> APIC 0x75 -> Node 0
[    0.005329] SRAT: PXM 0 -> APIC 0x76 -> Node 0
[    0.005330] SRAT: PXM 0 -> APIC 0x77 -> Node 0
[    0.005331] SRAT: PXM 0 -> APIC 0x78 -> Node 0
[    0.005331] SRAT: PXM 0 -> APIC 0x79 -> Node 0
[    0.005332] SRAT: PXM 0 -> APIC 0x7a -> Node 0
[    0.005333] SRAT: PXM 0 -> APIC 0x7b -> Node 0
[    0.005333] SRAT: PXM 0 -> APIC 0x7c -> Node 0
[    0.005334] SRAT: PXM 0 -> APIC 0x7d -> Node 0
[    0.005335] SRAT: PXM 0 -> APIC 0x7e -> Node 0
[    0.005335] SRAT: PXM 0 -> APIC 0x7f -> Node 0
[    0.005338] ACPI: SRAT: Node 0 PXM 0 [mem 0x00000000-0x0009ffff]
[    0.005339] ACPI: SRAT: Node 0 PXM 0 [mem 0x00100000-0xbfffffff]
[    0.005341] ACPI: SRAT: Node 0 PXM 0 [mem 0x100000000-0x13fffffff]
[    0.005342] ACPI: SRAT: Node 0 PXM 0 [mem 0x140000000-0x103fffffff] hotplug
[    0.005344] NUMA: Node 0 [mem 0x00000000-0x0009ffff] + [mem 0x00100000-0xbfffffff] -> [mem 0x00000000-0xbfffffff]
[    0.005345] NUMA: Node 0 [mem 0x00000000-0xbfffffff] + [mem 0x100000000-0x13fffffff] -> [mem 0x00000000-0x13fffffff]
[    0.005351] NODE_DATA(0) allocated [mem 0x13ffd6000-0x13fffffff]
[    0.006402] Zone ranges:
[    0.006404]   DMA      [mem 0x0000000000001000-0x0000000000ffffff]
[    0.006406]   DMA32    [mem 0x0000000001000000-0x00000000ffffffff]
[    0.006408]   Normal   [mem 0x0000000100000000-0x000000013fffffff]
[    0.006410]   Device   empty
[    0.006411] Movable zone start for each node
[    0.006414] Early memory node ranges
[    0.006414]   node   0: [mem 0x0000000000001000-0x000000000009dfff]
[    0.006416]   node   0: [mem 0x0000000000100000-0x00000000bfecffff]
[    0.006417]   node   0: [mem 0x00000000bff00000-0x00000000bfffffff]
[    0.006418]   node   0: [mem 0x0000000100000000-0x000000013fffffff]
[    0.006419] Initmem setup node 0 [mem 0x0000000000001000-0x000000013fffffff]
[    0.006488] On node 0, zone DMA: 1 pages in unavailable ranges
[    0.007464] On node 0, zone DMA: 98 pages in unavailable ranges
[    0.198543] On node 0, zone DMA32: 48 pages in unavailable ranges
[    0.265755] ACPI: PM-Timer IO Port: 0x1008
[    0.265765] system APIC only can use physical flat
[    0.265775] ACPI: LAPIC_NMI (acpi_id[0x00] high edge lint[0x1])
[    0.265778] ACPI: LAPIC_NMI (acpi_id[0x01] high edge lint[0x1])
[    0.265779] ACPI: LAPIC_NMI (acpi_id[0x02] high edge lint[0x1])
[    0.265780] ACPI: LAPIC_NMI (acpi_id[0x03] high edge lint[0x1])
[    0.265781] ACPI: LAPIC_NMI (acpi_id[0x04] high edge lint[0x1])
[    0.265781] ACPI: LAPIC_NMI (acpi_id[0x05] high edge lint[0x1])
[    0.265782] ACPI: LAPIC_NMI (acpi_id[0x06] high edge lint[0x1])
[    0.265783] ACPI: LAPIC_NMI (acpi_id[0x07] high edge lint[0x1])
[    0.265784] ACPI: LAPIC_NMI (acpi_id[0x08] high edge lint[0x1])
[    0.265784] ACPI: LAPIC_NMI (acpi_id[0x09] high edge lint[0x1])
[    0.265785] ACPI: LAPIC_NMI (acpi_id[0x0a] high edge lint[0x1])
[    0.265786] ACPI: LAPIC_NMI (acpi_id[0x0b] high edge lint[0x1])
[    0.265787] ACPI: LAPIC_NMI (acpi_id[0x0c] high edge lint[0x1])
[    0.265787] ACPI: LAPIC_NMI (acpi_id[0x0d] high edge lint[0x1])
[    0.265788] ACPI: LAPIC_NMI (acpi_id[0x0e] high edge lint[0x1])
[    0.265789] ACPI: LAPIC_NMI (acpi_id[0x0f] high edge lint[0x1])
[    0.265789] ACPI: LAPIC_NMI (acpi_id[0x10] high edge lint[0x1])
[    0.265790] ACPI: LAPIC_NMI (acpi_id[0x11] high edge lint[0x1])
[    0.265791] ACPI: LAPIC_NMI (acpi_id[0x12] high edge lint[0x1])
[    0.265792] ACPI: LAPIC_NMI (acpi_id[0x13] high edge lint[0x1])
[    0.265793] ACPI: LAPIC_NMI (acpi_id[0x14] high edge lint[0x1])
[    0.265793] ACPI: LAPIC_NMI (acpi_id[0x15] high edge lint[0x1])
[    0.265794] ACPI: LAPIC_NMI (acpi_id[0x16] high edge lint[0x1])
[    0.265795] ACPI: LAPIC_NMI (acpi_id[0x17] high edge lint[0x1])
[    0.265796] ACPI: LAPIC_NMI (acpi_id[0x18] high edge lint[0x1])
[    0.265796] ACPI: LAPIC_NMI (acpi_id[0x19] high edge lint[0x1])
[    0.265797] ACPI: LAPIC_NMI (acpi_id[0x1a] high edge lint[0x1])
[    0.265798] ACPI: LAPIC_NMI (acpi_id[0x1b] high edge lint[0x1])
[    0.265799] ACPI: LAPIC_NMI (acpi_id[0x1c] high edge lint[0x1])
[    0.265799] ACPI: LAPIC_NMI (acpi_id[0x1d] high edge lint[0x1])
[    0.265800] ACPI: LAPIC_NMI (acpi_id[0x1e] high edge lint[0x1])
[    0.265801] ACPI: LAPIC_NMI (acpi_id[0x1f] high edge lint[0x1])
[    0.265802] ACPI: LAPIC_NMI (acpi_id[0x20] high edge lint[0x1])
[    0.265802] ACPI: LAPIC_NMI (acpi_id[0x21] high edge lint[0x1])
[    0.265803] ACPI: LAPIC_NMI (acpi_id[0x22] high edge lint[0x1])
[    0.265804] ACPI: LAPIC_NMI (acpi_id[0x23] high edge lint[0x1])
[    0.265804] ACPI: LAPIC_NMI (acpi_id[0x24] high edge lint[0x1])
[    0.265805] ACPI: LAPIC_NMI (acpi_id[0x25] high edge lint[0x1])
[    0.265806] ACPI: LAPIC_NMI (acpi_id[0x26] high edge lint[0x1])
[    0.265807] ACPI: LAPIC_NMI (acpi_id[0x27] high edge lint[0x1])
[    0.265807] ACPI: LAPIC_NMI (acpi_id[0x28] high edge lint[0x1])
[    0.265808] ACPI: LAPIC_NMI (acpi_id[0x29] high edge lint[0x1])
[    0.265809] ACPI: LAPIC_NMI (acpi_id[0x2a] high edge lint[0x1])
[    0.265810] ACPI: LAPIC_NMI (acpi_id[0x2b] high edge lint[0x1])
[    0.265810] ACPI: LAPIC_NMI (acpi_id[0x2c] high edge lint[0x1])
[    0.265811] ACPI: LAPIC_NMI (acpi_id[0x2d] high edge lint[0x1])
[    0.265812] ACPI: LAPIC_NMI (acpi_id[0x2e] high edge lint[0x1])
[    0.265813] ACPI: LAPIC_NMI (acpi_id[0x2f] high edge lint[0x1])
[    0.265813] ACPI: LAPIC_NMI (acpi_id[0x30] high edge lint[0x1])
[    0.265814] ACPI: LAPIC_NMI (acpi_id[0x31] high edge lint[0x1])
[    0.265815] ACPI: LAPIC_NMI (acpi_id[0x32] high edge lint[0x1])
[    0.265816] ACPI: LAPIC_NMI (acpi_id[0x33] high edge lint[0x1])
[    0.265816] ACPI: LAPIC_NMI (acpi_id[0x34] high edge lint[0x1])
[    0.265817] ACPI: LAPIC_NMI (acpi_id[0x35] high edge lint[0x1])
[    0.265818] ACPI: LAPIC_NMI (acpi_id[0x36] high edge lint[0x1])
[    0.265819] ACPI: LAPIC_NMI (acpi_id[0x37] high edge lint[0x1])
[    0.265819] ACPI: LAPIC_NMI (acpi_id[0x38] high edge lint[0x1])
[    0.265820] ACPI: LAPIC_NMI (acpi_id[0x39] high edge lint[0x1])
[    0.265821] ACPI: LAPIC_NMI (acpi_id[0x3a] high edge lint[0x1])
[    0.265822] ACPI: LAPIC_NMI (acpi_id[0x3b] high edge lint[0x1])
[    0.265822] ACPI: LAPIC_NMI (acpi_id[0x3c] high edge lint[0x1])
[    0.265823] ACPI: LAPIC_NMI (acpi_id[0x3d] high edge lint[0x1])
[    0.265824] ACPI: LAPIC_NMI (acpi_id[0x3e] high edge lint[0x1])
[    0.265825] ACPI: LAPIC_NMI (acpi_id[0x3f] high edge lint[0x1])
[    0.265825] ACPI: LAPIC_NMI (acpi_id[0x40] high edge lint[0x1])
[    0.265826] ACPI: LAPIC_NMI (acpi_id[0x41] high edge lint[0x1])
[    0.265827] ACPI: LAPIC_NMI (acpi_id[0x42] high edge lint[0x1])
[    0.265828] ACPI: LAPIC_NMI (acpi_id[0x43] high edge lint[0x1])
[    0.265828] ACPI: LAPIC_NMI (acpi_id[0x44] high edge lint[0x1])
[    0.265829] ACPI: LAPIC_NMI (acpi_id[0x45] high edge lint[0x1])
[    0.265830] ACPI: LAPIC_NMI (acpi_id[0x46] high edge lint[0x1])
[    0.265831] ACPI: LAPIC_NMI (acpi_id[0x47] high edge lint[0x1])
[    0.265831] ACPI: LAPIC_NMI (acpi_id[0x48] high edge lint[0x1])
[    0.265832] ACPI: LAPIC_NMI (acpi_id[0x49] high edge lint[0x1])
[    0.265833] ACPI: LAPIC_NMI (acpi_id[0x4a] high edge lint[0x1])
[    0.265834] ACPI: LAPIC_NMI (acpi_id[0x4b] high edge lint[0x1])
[    0.265834] ACPI: LAPIC_NMI (acpi_id[0x4c] high edge lint[0x1])
[    0.265835] ACPI: LAPIC_NMI (acpi_id[0x4d] high edge lint[0x1])
[    0.265836] ACPI: LAPIC_NMI (acpi_id[0x4e] high edge lint[0x1])
[    0.265837] ACPI: LAPIC_NMI (acpi_id[0x4f] high edge lint[0x1])
[    0.265837] ACPI: LAPIC_NMI (acpi_id[0x50] high edge lint[0x1])
[    0.265838] ACPI: LAPIC_NMI (acpi_id[0x51] high edge lint[0x1])
[    0.265839] ACPI: LAPIC_NMI (acpi_id[0x52] high edge lint[0x1])
[    0.265839] ACPI: LAPIC_NMI (acpi_id[0x53] high edge lint[0x1])
[    0.265840] ACPI: LAPIC_NMI (acpi_id[0x54] high edge lint[0x1])
[    0.265841] ACPI: LAPIC_NMI (acpi_id[0x55] high edge lint[0x1])
[    0.265842] ACPI: LAPIC_NMI (acpi_id[0x56] high edge lint[0x1])
[    0.265842] ACPI: LAPIC_NMI (acpi_id[0x57] high edge lint[0x1])
[    0.265843] ACPI: LAPIC_NMI (acpi_id[0x58] high edge lint[0x1])
[    0.265844] ACPI: LAPIC_NMI (acpi_id[0x59] high edge lint[0x1])
[    0.265845] ACPI: LAPIC_NMI (acpi_id[0x5a] high edge lint[0x1])
[    0.265845] ACPI: LAPIC_NMI (acpi_id[0x5b] high edge lint[0x1])
[    0.265846] ACPI: LAPIC_NMI (acpi_id[0x5c] high edge lint[0x1])
[    0.265847] ACPI: LAPIC_NMI (acpi_id[0x5d] high edge lint[0x1])
[    0.265848] ACPI: LAPIC_NMI (acpi_id[0x5e] high edge lint[0x1])
[    0.265848] ACPI: LAPIC_NMI (acpi_id[0x5f] high edge lint[0x1])
[    0.265849] ACPI: LAPIC_NMI (acpi_id[0x60] high edge lint[0x1])
[    0.265850] ACPI: LAPIC_NMI (acpi_id[0x61] high edge lint[0x1])
[    0.265851] ACPI: LAPIC_NMI (acpi_id[0x62] high edge lint[0x1])
[    0.265851] ACPI: LAPIC_NMI (acpi_id[0x63] high edge lint[0x1])
[    0.265852] ACPI: LAPIC_NMI (acpi_id[0x64] high edge lint[0x1])
[    0.265853] ACPI: LAPIC_NMI (acpi_id[0x65] high edge lint[0x1])
[    0.265854] ACPI: LAPIC_NMI (acpi_id[0x66] high edge lint[0x1])
[    0.265854] ACPI: LAPIC_NMI (acpi_id[0x67] high edge lint[0x1])
[    0.265855] ACPI: LAPIC_NMI (acpi_id[0x68] high edge lint[0x1])
[    0.265856] ACPI: LAPIC_NMI (acpi_id[0x69] high edge lint[0x1])
[    0.265857] ACPI: LAPIC_NMI (acpi_id[0x6a] high edge lint[0x1])
[    0.265857] ACPI: LAPIC_NMI (acpi_id[0x6b] high edge lint[0x1])
[    0.265858] ACPI: LAPIC_NMI (acpi_id[0x6c] high edge lint[0x1])
[    0.265859] ACPI: LAPIC_NMI (acpi_id[0x6d] high edge lint[0x1])
[    0.265860] ACPI: LAPIC_NMI (acpi_id[0x6e] high edge lint[0x1])
[    0.265860] ACPI: LAPIC_NMI (acpi_id[0x6f] high edge lint[0x1])
[    0.265861] ACPI: LAPIC_NMI (acpi_id[0x70] high edge lint[0x1])
[    0.265862] ACPI: LAPIC_NMI (acpi_id[0x71] high edge lint[0x1])
[    0.265863] ACPI: LAPIC_NMI (acpi_id[0x72] high edge lint[0x1])
[    0.265863] ACPI: LAPIC_NMI (acpi_id[0x73] high edge lint[0x1])
[    0.265864] ACPI: LAPIC_NMI (acpi_id[0x74] high edge lint[0x1])
[    0.265865] ACPI: LAPIC_NMI (acpi_id[0x75] high edge lint[0x1])
[    0.265866] ACPI: LAPIC_NMI (acpi_id[0x76] high edge lint[0x1])
[    0.265866] ACPI: LAPIC_NMI (acpi_id[0x77] high edge lint[0x1])
[    0.265867] ACPI: LAPIC_NMI (acpi_id[0x78] high edge lint[0x1])
[    0.265868] ACPI: LAPIC_NMI (acpi_id[0x79] high edge lint[0x1])
[    0.265869] ACPI: LAPIC_NMI (acpi_id[0x7a] high edge lint[0x1])
[    0.265869] ACPI: LAPIC_NMI (acpi_id[0x7b] high edge lint[0x1])
[    0.265870] ACPI: LAPIC_NMI (acpi_id[0x7c] high edge lint[0x1])
[    0.265871] ACPI: LAPIC_NMI (acpi_id[0x7d] high edge lint[0x1])
[    0.265872] ACPI: LAPIC_NMI (acpi_id[0x7e] high edge lint[0x1])
[    0.265872] ACPI: LAPIC_NMI (acpi_id[0x7f] high edge lint[0x1])
[    0.265902] IOAPIC[0]: apic_id 128, version 32, address 0xfec00000, GSI 0-23
[    0.265906] ACPI: INT_SRC_OVR (bus 0 bus_irq 0 global_irq 2 high edge)
[    0.265912] ACPI: Using ACPI (MADT) for SMP configuration information
[    0.265913] ACPI: HPET id: 0x8086af01 base: 0xfed00000
[    0.265924] smpboot: Allowing 128 CPUs, 120 hotplug CPUs
[    0.265938] PM: hibernation: Registered nosave memory: [mem 0x00000000-0x00000fff]
[    0.265940] PM: hibernation: Registered nosave memory: [mem 0x0009e000-0x0009efff]
[    0.265941] PM: hibernation: Registered nosave memory: [mem 0x0009f000-0x0009ffff]
[    0.265941] PM: hibernation: Registered nosave memory: [mem 0x000a0000-0x000dbfff]
[    0.265942] PM: hibernation: Registered nosave memory: [mem 0x000dc000-0x000fffff]
[    0.265943] PM: hibernation: Registered nosave memory: [mem 0xbfed0000-0xbfefefff]
[    0.265944] PM: hibernation: Registered nosave memory: [mem 0xbfeff000-0xbfefffff]
[    0.265986] PM: hibernation: Registered nosave memory: [mem 0xc0000000-0xefffffff]
[    0.265987] PM: hibernation: Registered nosave memory: [mem 0xf0000000-0xf7ffffff]
[    0.265988] PM: hibernation: Registered nosave memory: [mem 0xf8000000-0xfebfffff]
[    0.265989] PM: hibernation: Registered nosave memory: [mem 0xfec00000-0xfec0ffff]
[    0.265990] PM: hibernation: Registered nosave memory: [mem 0xfec10000-0xfedfffff]
[    0.265990] PM: hibernation: Registered nosave memory: [mem 0xfee00000-0xfee00fff]
[    0.265991] PM: hibernation: Registered nosave memory: [mem 0xfee01000-0xfffdffff]
[    0.265992] PM: hibernation: Registered nosave memory: [mem 0xfffe0000-0xffffffff]
[    0.265994] [mem 0xc0000000-0xefffffff] available for PCI devices
[    0.265995] Booting paravirtualized kernel on VMware hypervisor
[    0.265998] clocksource: refined-jiffies: mask: 0xffffffff max_cycles: 0xffffffff, max_idle_ns: 7645519600211568 ns
[    0.266005] setup_percpu: NR_CPUS:8192 nr_cpumask_bits:128 nr_cpu_ids:128 nr_node_ids:1
[    0.395533] percpu: Embedded 60 pages/cpu s208896 r8192 d28672 u262144
[    0.395548] pcpu-alloc: s208896 r8192 d28672 u262144 alloc=1*2097152
[    0.395552] pcpu-alloc: [0] 000 001 002 003 004 005 006 007 
[    0.395558] pcpu-alloc: [0] 008 009 010 011 012 013 014 015 
[    0.395563] pcpu-alloc: [0] 016 017 018 019 020 021 022 023 
[    0.395568] pcpu-alloc: [0] 024 025 026 027 028 029 030 031 
[    0.395573] pcpu-alloc: [0] 032 033 034 035 036 037 038 039 
[    0.395578] pcpu-alloc: [0] 040 041 042 043 044 045 046 047 
[    0.395583] pcpu-alloc: [0] 048 049 050 051 052 053 054 055 
[    0.395587] pcpu-alloc: [0] 056 057 058 059 060 061 062 063 
[    0.395592] pcpu-alloc: [0] 064 065 066 067 068 069 070 071 
[    0.395597] pcpu-alloc: [0] 072 073 074 075 076 077 078 079 
[    0.395602] pcpu-alloc: [0] 080 081 082 083 084 085 086 087 
[    0.395607] pcpu-alloc: [0] 088 089 090 091 092 093 094 095 
[    0.395612] pcpu-alloc: [0] 096 097 098 099 100 101 102 103 
[    0.395617] pcpu-alloc: [0] 104 105 106 107 108 109 110 111 
[    0.395622] pcpu-alloc: [0] 112 113 114 115 116 117 118 119 
[    0.395627] pcpu-alloc: [0] 120 121 122 123 124 125 126 127 
[    0.395694] Built 1 zonelists, mobility grouping on.  Total pages: 1031888
[    0.395696] Policy zone: Normal
[    0.395699] Kernel command line: BOOT_IMAGE=/boot/vmlinuz-5.15.0-60-generic root=UUID=cb5989e5-99d1-47f3-8fcc-83140dbc72d1 ro quiet splash
[    0.395768] Unknown kernel command line parameters "splash BOOT_IMAGE=/boot/vmlinuz-5.15.0-60-generic", will be passed to user space.
[    0.395771] printk: log_buf_len individual max cpu contribution: 4096 bytes
[    0.395772] printk: log_buf_len total cpu_extra contributions: 520192 bytes
[    0.395773] printk: log_buf_len min size: 262144 bytes
[    0.413946] printk: log_buf_len: 1048576 bytes
[    0.413948] printk: early log buf free: 237720(90%)
[    0.429943] Dentry cache hash table entries: 524288 (order: 10, 4194304 bytes, linear)
[    0.438125] Inode-cache hash table entries: 262144 (order: 9, 2097152 bytes, linear)
[    0.439339] mem auto-init: stack:off, heap alloc:on, heap free:off
[    0.578175] Memory: 3910328K/4193716K available (16393K kernel code, 4374K rwdata, 10792K rodata, 3236K init, 6572K bss, 283128K reserved, 0K cma-reserved)
[    0.579636] SLUB: HWalign=64, Order=0-3, MinObjects=0, CPUs=128, Nodes=1
[    0.579738] ftrace: allocating 50047 entries in 196 pages
[    0.604955] ftrace: allocated 196 pages with 3 groups
[    0.606763] rcu: Hierarchical RCU implementation.
[    0.606765] rcu: 	RCU restricting CPUs from NR_CPUS=8192 to nr_cpu_ids=128.
[    0.606766] 	Rude variant of Tasks RCU enabled.
[    0.606767] 	Tracing variant of Tasks RCU enabled.
[    0.606768] rcu: RCU calculated value of scheduler-enlistment delay is 25 jiffies.
[    0.606769] rcu: Adjusting geometry for rcu_fanout_leaf=16, nr_cpu_ids=128
[    0.612393] NR_IRQS: 524544, nr_irqs: 1448, preallocated irqs: 16
[    0.612892] random: crng init done
[    0.614698] Console: colour VGA+ 80x25
[    0.614718] printk: console [tty0] enabled
[    0.614870] ACPI: Core revision 20210730
[    0.615599] clocksource: hpet: mask: 0xffffffff max_cycles: 0xffffffff, max_idle_ns: 133484882848 ns
[    0.615664] APIC: Switch to symmetric I/O mode setup
[    0.615949] x2apic enabled
[    0.616163] Switched APIC routing to physical x2apic.
[    0.617069] ..TIMER: vector=0x30 apic1=0 pin1=2 apic2=-1 pin2=-1
[    0.617090] clocksource: tsc-early: mask: 0xffffffffffffffff max_cycles: 0x2e0a27ea444, max_idle_ns: 440795348232 ns
[    0.617097] Calibrating delay loop (skipped) preset value.. 6388.00 BogoMIPS (lpj=12776008)
[    0.617100] pid_max: default: 131072 minimum: 1024
[    0.617147] LSM: Security Framework initializing
[    0.617160] landlock: Up and running.
[    0.617161] Yama: becoming mindful.
[    0.617340] AppArmor: AppArmor initialized
[    0.617654] Mount-cache hash table entries: 8192 (order: 4, 65536 bytes, linear)
[    0.617914] Mountpoint-cache hash table entries: 8192 (order: 4, 65536 bytes, linear)
[    0.619223] x86/cpu: User Mode Instruction Prevention (UMIP) activated
[    0.619274] LVT offset 2 assigned for vector 0xf4
[    0.619287] Last level iTLB entries: 4KB 512, 2MB 512, 4MB 256
[    0.619288] Last level dTLB entries: 4KB 2048, 2MB 2048, 4MB 1024, 1GB 0
[    0.619293] Spectre V1 : Mitigation: usercopy/swapgs barriers and __user pointer sanitization
[    0.619295] Spectre V2 : Mitigation: Retpolines
[    0.619295] Spectre V2 : Spectre v2 / SpectreRSB mitigation: Filling RSB on context switch
[    0.619296] Spectre V2 : Spectre v2 / SpectreRSB : Filling RSB on VMEXIT
[    0.619298] Spectre V2 : mitigation: Enabling conditional Indirect Branch Prediction Barrier
[    0.619299] Speculative Store Bypass: Mitigation: Speculative Store Bypass disabled via prctl and seccomp
[    0.643064] Freeing SMP alternatives memory: 40K
[    0.646036] smpboot: CPU0: AMD Ryzen 7 5800H with Radeon Graphics (family: 0x19, model: 0x50, stepping: 0x0)
[    0.647232] Performance Events: AMD PMU driver.
[    0.647240] ... version:                0
[    0.647241] ... bit width:              48
[    0.647242] ... generic registers:      4
[    0.647242] ... value mask:             0000ffffffffffff
[    0.647243] ... max period:             00007fffffffffff
[    0.647244] ... fixed-purpose events:   0
[    0.647244] ... event mask:             000000000000000f
[    0.647409] rcu: Hierarchical SRCU implementation.
[    0.648643] NMI watchdog: Enabled. Permanently consumes one hw-PMU counter.
[    0.664745] smp: Bringing up secondary CPUs ...
[    0.665838] x86: Booting SMP configuration:
[    0.665840] .... node  #0, CPUs:          #1   #2
[    0.008219] smpboot: CPU 2 Converting physical 0 to logical die 1
[    0.669969]    #3   #4
[    0.008219] smpboot: CPU 4 Converting physical 0 to logical die 2
[    0.674638]    #5   #6
[    0.008219] smpboot: CPU 6 Converting physical 0 to logical die 3
[    0.679464]    #7
[    0.682075] smp: Brought up 1 node, 8 CPUs
[    0.682075] smpboot: Max logical packages: 64
[    0.682075] smpboot: Total of 8 processors activated (51104.03 BogoMIPS)
[    0.682263] devtmpfs: initialized
[    0.682263] x86/mm: Memory block size: 128MB
[    0.685416] ACPI: PM: Registering ACPI NVS region [mem 0xbfeff000-0xbfefffff] (4096 bytes)
[    0.685416] clocksource: jiffies: mask: 0xffffffff max_cycles: 0xffffffff, max_idle_ns: 7645041785100000 ns
[    0.694326] futex hash table entries: 32768 (order: 9, 2097152 bytes, linear)
[    0.694717] pinctrl core: initialized pinctrl subsystem
[    0.694981] PM: RTC time: 11:41:40, date: 2023-02-26
[    0.695927] NET: Registered PF_NETLINK/PF_ROUTE protocol family
[    0.698242] DMA: preallocated 512 KiB GFP_KERNEL pool for atomic allocations
[    0.698398] DMA: preallocated 512 KiB GFP_KERNEL|GFP_DMA pool for atomic allocations
[    0.698451] DMA: preallocated 512 KiB GFP_KERNEL|GFP_DMA32 pool for atomic allocations
[    0.698460] audit: initializing netlink subsys (disabled)
[    0.698481] audit: type=2000 audit(1677411700.080:1): state=initialized audit_enabled=0 res=1
[    0.698481] thermal_sys: Registered thermal governor 'fair_share'
[    0.698481] thermal_sys: Registered thermal governor 'bang_bang'
[    0.698481] thermal_sys: Registered thermal governor 'step_wise'
[    0.698481] thermal_sys: Registered thermal governor 'user_space'
[    0.698481] thermal_sys: Registered thermal governor 'power_allocator'
[    0.698481] EISA bus registered
[    0.698481] cpuidle: using governor ladder
[    0.698481] cpuidle: using governor menu
[    0.698481] Simple Boot Flag at 0x36 set to 0x80
[    0.698481] ACPI: bus type PCI registered
[    0.698481] acpiphp: ACPI Hot Plug PCI Controller Driver version: 0.5
[    0.701300] PCI: MMCONFIG for domain 0000 [bus 00-7f] at [mem 0xf0000000-0xf7ffffff] (base 0xf0000000)
[    0.701305] PCI: MMCONFIG at [mem 0xf0000000-0xf7ffffff] reserved in E820
[    0.701317] PCI: Using configuration type 1 for base access
[    0.703900] Kprobes globally optimized
[    0.703917] HugeTLB registered 1.00 GiB page size, pre-allocated 0 pages
[    0.703917] HugeTLB registered 2.00 MiB page size, pre-allocated 0 pages
[    0.713646] ACPI: Added _OSI(Module Device)
[    0.713646] ACPI: Added _OSI(Processor Device)
[    0.713646] ACPI: Added _OSI(3.0 _SCP Extensions)
[    0.713646] ACPI: Added _OSI(Processor Aggregator Device)
[    0.713646] ACPI: Added _OSI(Linux-Dell-Video)
[    0.713646] ACPI: Added _OSI(Linux-Lenovo-NV-HDMI-Audio)
[    0.713646] ACPI: Added _OSI(Linux-HPI-Hybrid-Graphics)
[    0.743444] ACPI: 1 ACPI AML tables successfully acquired and loaded
[    0.745746] ACPI: [Firmware Bug]: BIOS _OSI(Linux) query ignored
[    0.766691] ACPI: Interpreter enabled
[    0.766707] ACPI: PM: (supports S0 S1 S4 S5)
[    0.766708] ACPI: Using IOAPIC for interrupt routing
[    0.766741] PCI: Using host bridge windows from ACPI; if necessary, use "pci=nocrs" and report a bug
[    0.766742] PCI: Using E820 reservations for host bridge windows
[    0.768310] ACPI: Enabled 4 GPEs in block 00 to 0F
[    0.968295] ACPI: PCI Root Bridge [PCI0] (domain 0000 [bus 00-7f])
[    0.968306] acpi PNP0A03:00: _OSC: OS supports [ExtendedConfig ASPM ClockPM Segments MSI EDR HPX-Type3]
[    0.968508] acpi PNP0A03:00: _OSC: platform does not support [AER LTR DPC]
[    0.968715] acpi PNP0A03:00: _OSC: OS now controls [PCIeHotplug SHPCHotplug PME PCIeCapability]
[    0.970774] PCI host bridge to bus 0000:00
[    0.970778] pci_bus 0000:00: root bus resource [bus 00-7f]
[    0.970779] pci_bus 0000:00: root bus resource [io  0x0000-0x0cf7 window]
[    0.970781] pci_bus 0000:00: root bus resource [io  0x0d00-0xfeff window]
[    0.970782] pci_bus 0000:00: root bus resource [mem 0x000a0000-0x000bffff window]
[    0.970783] pci_bus 0000:00: root bus resource [mem 0x000d0000-0x000dbfff window]
[    0.970783] pci_bus 0000:00: root bus resource [mem 0xc0000000-0xfebfffff window]
[    0.970967] pci 0000:00:00.0: [8086:7190] type 00 class 0x060000
[    0.971987] pci 0000:00:01.0: [8086:7191] type 01 class 0x060400
[    0.973308] pci 0000:00:07.0: [8086:7110] type 00 class 0x060100
[    0.974433] pci 0000:00:07.1: [8086:7111] type 00 class 0x01018a
[    0.976523] pci 0000:00:07.1: reg 0x20: [io  0x1060-0x106f]
[    0.977352] pci 0000:00:07.1: legacy IDE quirk: reg 0x10: [io  0x01f0-0x01f7]
[    0.977354] pci 0000:00:07.1: legacy IDE quirk: reg 0x14: [io  0x03f6]
[    0.977355] pci 0000:00:07.1: legacy IDE quirk: reg 0x18: [io  0x0170-0x0177]
[    0.977356] pci 0000:00:07.1: legacy IDE quirk: reg 0x1c: [io  0x0376]
[    0.977840] pci 0000:00:07.3: [8086:7113] type 00 class 0x068000
[    0.980572] pci 0000:00:07.3: quirk: [io  0x1000-0x103f] claimed by PIIX4 ACPI
[    0.980585] pci 0000:00:07.3: quirk: [io  0x1040-0x104f] claimed by PIIX4 SMB
[    0.981163] pci 0000:00:07.7: [15ad:0740] type 00 class 0x088000
[    0.981900] pci 0000:00:07.7: reg 0x10: [io  0x1080-0x10bf]
[    0.982547] pci 0000:00:07.7: reg 0x14: [mem 0xfebfe000-0xfebfffff 64bit]
[    0.986432] pci 0000:00:0f.0: [15ad:0405] type 00 class 0x030000
[    0.988364] pci 0000:00:0f.0: reg 0x10: [io  0x1070-0x107f]
[    0.990077] pci 0000:00:0f.0: reg 0x14: [mem 0xe8000000-0xefffffff pref]
[    0.991854] pci 0000:00:0f.0: reg 0x18: [mem 0xfe000000-0xfe7fffff]
[    0.998880] pci 0000:00:0f.0: reg 0x30: [mem 0x00000000-0x00007fff pref]
[    0.998945] pci 0000:00:0f.0: Video device with shadowed ROM at [mem 0x000c0000-0x000dffff]
[    0.999674] pci 0000:00:10.0: [1000:0030] type 00 class 0x010000
[    1.000627] pci 0000:00:10.0: reg 0x10: [io  0x1400-0x14ff]
[    1.001551] pci 0000:00:10.0: reg 0x14: [mem 0xfeba0000-0xfebbffff 64bit]
[    1.002392] pci 0000:00:10.0: reg 0x1c: [mem 0xfebc0000-0xfebdffff 64bit]
[    1.005908] pci 0000:00:10.0: reg 0x30: [mem 0x00000000-0x00003fff pref]
[    1.006654] pci 0000:00:11.0: [15ad:0790] type 01 class 0x060401
[    1.009434] pci 0000:00:15.0: [15ad:07a0] type 01 class 0x060400
[    1.010351] pci 0000:00:15.0: PME# supported from D0 D3hot D3cold
[    1.010961] pci 0000:00:15.1: [15ad:07a0] type 01 class 0x060400
[    1.011867] pci 0000:00:15.1: PME# supported from D0 D3hot D3cold
[    1.012626] pci 0000:00:15.2: [15ad:07a0] type 01 class 0x060400
[    1.013585] pci 0000:00:15.2: PME# supported from D0 D3hot D3cold
[    1.014242] pci 0000:00:15.3: [15ad:07a0] type 01 class 0x060400
[    1.015153] pci 0000:00:15.3: PME# supported from D0 D3hot D3cold
[    1.015764] pci 0000:00:15.4: [15ad:07a0] type 01 class 0x060400
[    1.016671] pci 0000:00:15.4: PME# supported from D0 D3hot D3cold
[    1.017248] pci 0000:00:15.5: [15ad:07a0] type 01 class 0x060400
[    1.018152] pci 0000:00:15.5: PME# supported from D0 D3hot D3cold
[    1.018796] pci 0000:00:15.6: [15ad:07a0] type 01 class 0x060400
[    1.019701] pci 0000:00:15.6: PME# supported from D0 D3hot D3cold
[    1.020309] pci 0000:00:15.7: [15ad:07a0] type 01 class 0x060400
[    1.021265] pci 0000:00:15.7: PME# supported from D0 D3hot D3cold
[    1.021961] pci 0000:00:16.0: [15ad:07a0] type 01 class 0x060400
[    1.022859] pci 0000:00:16.0: PME# supported from D0 D3hot D3cold
[    1.023502] pci 0000:00:16.1: [15ad:07a0] type 01 class 0x060400
[    1.024407] pci 0000:00:16.1: PME# supported from D0 D3hot D3cold
[    1.025193] pci 0000:00:16.2: [15ad:07a0] type 01 class 0x060400
[    1.026098] pci 0000:00:16.2: PME# supported from D0 D3hot D3cold
[    1.026704] pci 0000:00:16.3: [15ad:07a0] type 01 class 0x060400
[    1.027608] pci 0000:00:16.3: PME# supported from D0 D3hot D3cold
[    1.028241] pci 0000:00:16.4: [15ad:07a0] type 01 class 0x060400
[    1.029205] pci 0000:00:16.4: PME# supported from D0 D3hot D3cold
[    1.029834] pci 0000:00:16.5: [15ad:07a0] type 01 class 0x060400
[    1.030741] pci 0000:00:16.5: PME# supported from D0 D3hot D3cold
[    1.031350] pci 0000:00:16.6: [15ad:07a0] type 01 class 0x060400
[    1.032253] pci 0000:00:16.6: PME# supported from D0 D3hot D3cold
[    1.032873] pci 0000:00:16.7: [15ad:07a0] type 01 class 0x060400
[    1.033780] pci 0000:00:16.7: PME# supported from D0 D3hot D3cold
[    1.034661] pci 0000:00:17.0: [15ad:07a0] type 01 class 0x060400
[    1.035563] pci 0000:00:17.0: PME# supported from D0 D3hot D3cold
[    1.036197] pci 0000:00:17.1: [15ad:07a0] type 01 class 0x060400
[    1.037107] pci 0000:00:17.1: PME# supported from D0 D3hot D3cold
[    1.037875] pci 0000:00:17.2: [15ad:07a0] type 01 class 0x060400
[    1.038781] pci 0000:00:17.2: PME# supported from D0 D3hot D3cold
[    1.039395] pci 0000:00:17.3: [15ad:07a0] type 01 class 0x060400
[    1.040293] pci 0000:00:17.3: PME# supported from D0 D3hot D3cold
[    1.040937] pci 0000:00:17.4: [15ad:07a0] type 01 class 0x060400
[    1.041852] pci 0000:00:17.4: PME# supported from D0 D3hot D3cold
[    1.042549] pci 0000:00:17.5: [15ad:07a0] type 01 class 0x060400
[    1.043454] pci 0000:00:17.5: PME# supported from D0 D3hot D3cold
[    1.044058] pci 0000:00:17.6: [15ad:07a0] type 01 class 0x060400
[    1.044963] pci 0000:00:17.6: PME# supported from D0 D3hot D3cold
[    1.045601] pci 0000:00:17.7: [15ad:07a0] type 01 class 0x060400
[    1.046500] pci 0000:00:17.7: PME# supported from D0 D3hot D3cold
[    1.047223] pci 0000:00:18.0: [15ad:07a0] type 01 class 0x060400
[    1.048117] pci 0000:00:18.0: PME# supported from D0 D3hot D3cold
[    1.048722] pci 0000:00:18.1: [15ad:07a0] type 01 class 0x060400
[    1.049653] pci 0000:00:18.1: PME# supported from D0 D3hot D3cold
[    1.050481] pci 0000:00:18.2: [15ad:07a0] type 01 class 0x060400
[    1.051385] pci 0000:00:18.2: PME# supported from D0 D3hot D3cold
[    1.051992] pci 0000:00:18.3: [15ad:07a0] type 01 class 0x060400
[    1.052902] pci 0000:00:18.3: PME# supported from D0 D3hot D3cold
[    1.053514] pci 0000:00:18.4: [15ad:07a0] type 01 class 0x060400
[    1.054419] pci 0000:00:18.4: PME# supported from D0 D3hot D3cold
[    1.055038] pci 0000:00:18.5: [15ad:07a0] type 01 class 0x060400
[    1.055945] pci 0000:00:18.5: PME# supported from D0 D3hot D3cold
[    1.056584] pci 0000:00:18.6: [15ad:07a0] type 01 class 0x060400
[    1.057542] pci 0000:00:18.6: PME# supported from D0 D3hot D3cold
[    1.058152] pci 0000:00:18.7: [15ad:07a0] type 01 class 0x060400
[    1.059049] pci 0000:00:18.7: PME# supported from D0 D3hot D3cold
[    1.060275] pci_bus 0000:01: extended config space not accessible
[    1.063222] pci 0000:00:01.0: PCI bridge to [bus 01]
[    1.063447] pci_bus 0000:02: extended config space not accessible
[    1.063778] acpiphp: Slot [32] registered
[    1.063799] acpiphp: Slot [33] registered
[    1.063819] acpiphp: Slot [34] registered
[    1.063838] acpiphp: Slot [35] registered
[    1.063874] acpiphp: Slot [36] registered
[    1.063893] acpiphp: Slot [37] registered
[    1.063912] acpiphp: Slot [38] registered
[    1.063930] acpiphp: Slot [39] registered
[    1.063948] acpiphp: Slot [40] registered
[    1.063966] acpiphp: Slot [41] registered
[    1.063984] acpiphp: Slot [42] registered
[    1.064021] acpiphp: Slot [43] registered
[    1.064039] acpiphp: Slot [44] registered
[    1.064057] acpiphp: Slot [45] registered
[    1.064075] acpiphp: Slot [46] registered
[    1.064122] acpiphp: Slot [47] registered
[    1.064141] acpiphp: Slot [48] registered
[    1.064179] acpiphp: Slot [49] registered
[    1.064198] acpiphp: Slot [50] registered
[    1.064216] acpiphp: Slot [51] registered
[    1.064234] acpiphp: Slot [52] registered
[    1.064252] acpiphp: Slot [53] registered
[    1.064270] acpiphp: Slot [54] registered
[    1.064306] acpiphp: Slot [55] registered
[    1.064324] acpiphp: Slot [56] registered
[    1.064343] acpiphp: Slot [57] registered
[    1.064360] acpiphp: Slot [58] registered
[    1.064378] acpiphp: Slot [59] registered
[    1.064396] acpiphp: Slot [60] registered
[    1.064414] acpiphp: Slot [61] registered
[    1.064449] acpiphp: Slot [62] registered
[    1.064468] acpiphp: Slot [63] registered
[    1.064608] pci 0000:02:00.0: [15ad:0774] type 00 class 0x0c0300
[    1.066608] pci 0000:02:00.0: reg 0x20: [io  0x2080-0x209f]
[    1.068485] pci 0000:02:01.0: [8086:100f] type 00 class 0x020000
[    1.069098] pci 0000:02:01.0: reg 0x10: [mem 0xfd5c0000-0xfd5dffff 64bit]
[    1.070046] pci 0000:02:01.0: reg 0x18: [mem 0xfdff0000-0xfdffffff 64bit]
[    1.070837] pci 0000:02:01.0: reg 0x20: [io  0x2000-0x203f]
[    1.072546] pci 0000:02:01.0: reg 0x30: [mem 0x00000000-0x0000ffff pref]
[    1.073272] pci 0000:02:01.0: PME# supported from D0 D3hot D3cold
[    1.074312] pci 0000:02:02.0: [1274:1371] type 00 class 0x040100
[    1.074803] pci 0000:02:02.0: reg 0x10: [io  0x2040-0x207f]
[    1.078131] pci 0000:02:03.0: [15ad:0770] type 00 class 0x0c0320
[    1.078610] pci 0000:02:03.0: reg 0x10: [mem 0xfd5ef000-0xfd5effff]
[    1.082150] pci 0000:02:05.0: [15ad:07e0] type 00 class 0x010601
[    1.084501] pci 0000:02:05.0: reg 0x24: [mem 0xfd5ee000-0xfd5eefff]
[    1.084851] pci 0000:02:05.0: reg 0x30: [mem 0x00000000-0x0000ffff pref]
[    1.085266] pci 0000:02:05.0: PME# supported from D3hot
[    1.088664] pci 0000:00:11.0: PCI bridge to [bus 02] (subtractive decode)
[    1.088687] pci 0000:00:11.0:   bridge window [io  0x2000-0x3fff]
[    1.088709] pci 0000:00:11.0:   bridge window [mem 0xfd500000-0xfdffffff]
[    1.088750] pci 0000:00:11.0:   bridge window [mem 0xe7b00000-0xe7ffffff 64bit pref]
[    1.088752] pci 0000:00:11.0:   bridge window [io  0x0000-0x0cf7 window] (subtractive decode)
[    1.088753] pci 0000:00:11.0:   bridge window [io  0x0d00-0xfeff window] (subtractive decode)
[    1.088755] pci 0000:00:11.0:   bridge window [mem 0x000a0000-0x000bffff window] (subtractive decode)
[    1.088756] pci 0000:00:11.0:   bridge window [mem 0x000d0000-0x000dbfff window] (subtractive decode)
[    1.088757] pci 0000:00:11.0:   bridge window [mem 0xc0000000-0xfebfffff window] (subtractive decode)
[    1.089284] pci 0000:03:00.0: [15ad:0779] type 00 class 0x0c0330
[    1.089776] pci 0000:03:00.0: reg 0x10: [mem 0xfd4e0000-0xfd4fffff 64bit]
[    1.092220] pci 0000:03:00.0: PME# supported from D0 D3hot D3cold
[    1.093049] pci 0000:03:00.0: disabling ASPM on pre-1.1 PCIe device.  You can enable it with 'pcie_aspm=force'
[    1.096091] pci 0000:00:15.0: PCI bridge to [bus 03]
[    1.096135] pci 0000:00:15.0:   bridge window [mem 0xfd400000-0xfd4fffff]
[    1.099439] pci 0000:00:15.1: PCI bridge to [bus 04]
[    1.099463] pci 0000:00:15.1:   bridge window [io  0x7000-0x7fff]
[    1.099485] pci 0000:00:15.1:   bridge window [mem 0xfd000000-0xfd0fffff]
[    1.099526] pci 0000:00:15.1:   bridge window [mem 0xe7700000-0xe77fffff 64bit pref]
[    1.102803] pci 0000:00:15.2: PCI bridge to [bus 05]
[    1.102826] pci 0000:00:15.2:   bridge window [io  0xb000-0xbfff]
[    1.102848] pci 0000:00:15.2:   bridge window [mem 0xfcc00000-0xfccfffff]
[    1.102889] pci 0000:00:15.2:   bridge window [mem 0xe7300000-0xe73fffff 64bit pref]
[    1.106211] pci 0000:00:15.3: PCI bridge to [bus 06]
[    1.106254] pci 0000:00:15.3:   bridge window [mem 0xfc800000-0xfc8fffff]
[    1.106295] pci 0000:00:15.3:   bridge window [mem 0xe6f00000-0xe6ffffff 64bit pref]
[    1.109615] pci 0000:00:15.4: PCI bridge to [bus 07]
[    1.109660] pci 0000:00:15.4:   bridge window [mem 0xfc400000-0xfc4fffff]
[    1.109701] pci 0000:00:15.4:   bridge window [mem 0xe6b00000-0xe6bfffff 64bit pref]
[    1.113033] pci 0000:00:15.5: PCI bridge to [bus 08]
[    1.113133] pci 0000:00:15.5:   bridge window [mem 0xfc000000-0xfc0fffff]
[    1.113174] pci 0000:00:15.5:   bridge window [mem 0xe6700000-0xe67fffff 64bit pref]
[    1.116543] pci 0000:00:15.6: PCI bridge to [bus 09]
[    1.116586] pci 0000:00:15.6:   bridge window [mem 0xfbc00000-0xfbcfffff]
[    1.116626] pci 0000:00:15.6:   bridge window [mem 0xe6300000-0xe63fffff 64bit pref]
[    1.119896] pci 0000:00:15.7: PCI bridge to [bus 0a]
[    1.119942] pci 0000:00:15.7:   bridge window [mem 0xfb800000-0xfb8fffff]
[    1.119983] pci 0000:00:15.7:   bridge window [mem 0xe5f00000-0xe5ffffff 64bit pref]
[    1.123319] pci 0000:00:16.0: PCI bridge to [bus 0b]
[    1.123344] pci 0000:00:16.0:   bridge window [io  0x4000-0x4fff]
[    1.123366] pci 0000:00:16.0:   bridge window [mem 0xfd300000-0xfd3fffff]
[    1.123407] pci 0000:00:16.0:   bridge window [mem 0xe7a00000-0xe7afffff 64bit pref]
[    1.126730] pci 0000:00:16.1: PCI bridge to [bus 0c]
[    1.126753] pci 0000:00:16.1:   bridge window [io  0x8000-0x8fff]
[    1.126774] pci 0000:00:16.1:   bridge window [mem 0xfcf00000-0xfcffffff]
[    1.126815] pci 0000:00:16.1:   bridge window [mem 0xe7600000-0xe76fffff 64bit pref]
[    1.130145] pci 0000:00:16.2: PCI bridge to [bus 0d]
[    1.130167] pci 0000:00:16.2:   bridge window [io  0xc000-0xcfff]
[    1.130188] pci 0000:00:16.2:   bridge window [mem 0xfcb00000-0xfcbfffff]
[    1.130229] pci 0000:00:16.2:   bridge window [mem 0xe7200000-0xe72fffff 64bit pref]
[    1.133695] pci 0000:00:16.3: PCI bridge to [bus 0e]
[    1.133739] pci 0000:00:16.3:   bridge window [mem 0xfc700000-0xfc7fffff]
[    1.133780] pci 0000:00:16.3:   bridge window [mem 0xe6e00000-0xe6efffff 64bit pref]
[    1.137071] pci 0000:00:16.4: PCI bridge to [bus 0f]
[    1.137125] pci 0000:00:16.4:   bridge window [mem 0xfc300000-0xfc3fffff]
[    1.137167] pci 0000:00:16.4:   bridge window [mem 0xe6a00000-0xe6afffff 64bit pref]
[    1.140472] pci 0000:00:16.5: PCI bridge to [bus 10]
[    1.140515] pci 0000:00:16.5:   bridge window [mem 0xfbf00000-0xfbffffff]
[    1.140556] pci 0000:00:16.5:   bridge window [mem 0xe6600000-0xe66fffff 64bit pref]
[    1.143856] pci 0000:00:16.6: PCI bridge to [bus 11]
[    1.143899] pci 0000:00:16.6:   bridge window [mem 0xfbb00000-0xfbbfffff]
[    1.143940] pci 0000:00:16.6:   bridge window [mem 0xe6200000-0xe62fffff 64bit pref]
[    1.147239] pci 0000:00:16.7: PCI bridge to [bus 12]
[    1.147282] pci 0000:00:16.7:   bridge window [mem 0xfb700000-0xfb7fffff]
[    1.147323] pci 0000:00:16.7:   bridge window [mem 0xe5e00000-0xe5efffff 64bit pref]
[    1.150629] pci 0000:00:17.0: PCI bridge to [bus 13]
[    1.150652] pci 0000:00:17.0:   bridge window [io  0x5000-0x5fff]
[    1.150673] pci 0000:00:17.0:   bridge window [mem 0xfd200000-0xfd2fffff]
[    1.150714] pci 0000:00:17.0:   bridge window [mem 0xe7900000-0xe79fffff 64bit pref]
[    1.154006] pci 0000:00:17.1: PCI bridge to [bus 14]
[    1.154029] pci 0000:00:17.1:   bridge window [io  0x9000-0x9fff]
[    1.154050] pci 0000:00:17.1:   bridge window [mem 0xfce00000-0xfcefffff]
[    1.154128] pci 0000:00:17.1:   bridge window [mem 0xe7500000-0xe75fffff 64bit pref]
[    1.157483] pci 0000:00:17.2: PCI bridge to [bus 15]
[    1.157508] pci 0000:00:17.2:   bridge window [io  0xd000-0xdfff]
[    1.157529] pci 0000:00:17.2:   bridge window [mem 0xfca00000-0xfcafffff]
[    1.157570] pci 0000:00:17.2:   bridge window [mem 0xe7100000-0xe71fffff 64bit pref]
[    1.160949] pci 0000:00:17.3: PCI bridge to [bus 16]
[    1.160992] pci 0000:00:17.3:   bridge window [mem 0xfc600000-0xfc6fffff]
[    1.161115] pci 0000:00:17.3:   bridge window [mem 0xe6d00000-0xe6dfffff 64bit pref]
[    1.164391] pci 0000:00:17.4: PCI bridge to [bus 17]
[    1.164434] pci 0000:00:17.4:   bridge window [mem 0xfc200000-0xfc2fffff]
[    1.164475] pci 0000:00:17.4:   bridge window [mem 0xe6900000-0xe69fffff 64bit pref]
[    1.167695] pci 0000:00:17.5: PCI bridge to [bus 18]
[    1.167738] pci 0000:00:17.5:   bridge window [mem 0xfbe00000-0xfbefffff]
[    1.167779] pci 0000:00:17.5:   bridge window [mem 0xe6500000-0xe65fffff 64bit pref]
[    1.171090] pci 0000:00:17.6: PCI bridge to [bus 19]
[    1.171133] pci 0000:00:17.6:   bridge window [mem 0xfba00000-0xfbafffff]
[    1.171174] pci 0000:00:17.6:   bridge window [mem 0xe6100000-0xe61fffff 64bit pref]
[    1.174510] pci 0000:00:17.7: PCI bridge to [bus 1a]
[    1.174552] pci 0000:00:17.7:   bridge window [mem 0xfb600000-0xfb6fffff]
[    1.174593] pci 0000:00:17.7:   bridge window [mem 0xe5d00000-0xe5dfffff 64bit pref]
[    1.177864] pci 0000:00:18.0: PCI bridge to [bus 1b]
[    1.177886] pci 0000:00:18.0:   bridge window [io  0x6000-0x6fff]
[    1.177908] pci 0000:00:18.0:   bridge window [mem 0xfd100000-0xfd1fffff]
[    1.177948] pci 0000:00:18.0:   bridge window [mem 0xe7800000-0xe78fffff 64bit pref]
[    1.181266] pci 0000:00:18.1: PCI bridge to [bus 1c]
[    1.181290] pci 0000:00:18.1:   bridge window [io  0xa000-0xafff]
[    1.181311] pci 0000:00:18.1:   bridge window [mem 0xfcd00000-0xfcdfffff]
[    1.181352] pci 0000:00:18.1:   bridge window [mem 0xe7400000-0xe74fffff 64bit pref]
[    1.184662] pci 0000:00:18.2: PCI bridge to [bus 1d]
[    1.184685] pci 0000:00:18.2:   bridge window [io  0xe000-0xefff]
[    1.184706] pci 0000:00:18.2:   bridge window [mem 0xfc900000-0xfc9fffff]
[    1.184747] pci 0000:00:18.2:   bridge window [mem 0xe7000000-0xe70fffff 64bit pref]
[    1.188269] pci 0000:00:18.3: PCI bridge to [bus 1e]
[    1.188312] pci 0000:00:18.3:   bridge window [mem 0xfc500000-0xfc5fffff]
[    1.188353] pci 0000:00:18.3:   bridge window [mem 0xe6c00000-0xe6cfffff 64bit pref]
[    1.191571] pci 0000:00:18.4: PCI bridge to [bus 1f]
[    1.191615] pci 0000:00:18.4:   bridge window [mem 0xfc100000-0xfc1fffff]
[    1.191656] pci 0000:00:18.4:   bridge window [mem 0xe6800000-0xe68fffff 64bit pref]
[    1.194961] pci 0000:00:18.5: PCI bridge to [bus 20]
[    1.195003] pci 0000:00:18.5:   bridge window [mem 0xfbd00000-0xfbdfffff]
[    1.195044] pci 0000:00:18.5:   bridge window [mem 0xe6400000-0xe64fffff 64bit pref]
[    1.198324] pci 0000:00:18.6: PCI bridge to [bus 21]
[    1.198367] pci 0000:00:18.6:   bridge window [mem 0xfb900000-0xfb9fffff]
[    1.198408] pci 0000:00:18.6:   bridge window [mem 0xe6000000-0xe60fffff 64bit pref]
[    1.201665] pci 0000:00:18.7: PCI bridge to [bus 22]
[    1.201708] pci 0000:00:18.7:   bridge window [mem 0xfb500000-0xfb5fffff]
[    1.201749] pci 0000:00:18.7:   bridge window [mem 0xe5c00000-0xe5cfffff 64bit pref]
[    1.205908] ACPI: PCI: Interrupt link LNKA configured for IRQ 9
[    1.205998] ACPI: PCI: Interrupt link LNKB configured for IRQ 11
[    1.206082] ACPI: PCI: Interrupt link LNKC configured for IRQ 10
[    1.206176] ACPI: PCI: Interrupt link LNKD configured for IRQ 7
[    1.246689] iommu: Default domain type: Translated 
[    1.246689] iommu: DMA domain TLB invalidation policy: lazy mode 
[    1.246689] SCSI subsystem initialized
[    1.246689] libata version 3.00 loaded.
[    1.246689] pci 0000:00:0f.0: vgaarb: setting as boot VGA device
[    1.246689] pci 0000:00:0f.0: vgaarb: VGA device added: decodes=io+mem,owns=io+mem,locks=none
[    1.246689] pci 0000:00:0f.0: vgaarb: bridge control possible
[    1.246689] vgaarb: loaded
[    1.246689] ACPI: bus type USB registered
[    1.246689] usbcore: registered new interface driver usbfs
[    1.246689] usbcore: registered new interface driver hub
[    1.246689] usbcore: registered new device driver usb
[    1.246689] pps_core: LinuxPPS API ver. 1 registered
[    1.246689] pps_core: Software ver. 5.3.6 - Copyright 2005-2007 Rodolfo Giometti <giometti@linux.it>
[    1.246689] PTP clock support registered
[    1.246689] EDAC MC: Ver: 3.0.0
[    1.249798] NetLabel: Initializing
[    1.249798] NetLabel:  domain hash size = 128
[    1.249798] NetLabel:  protocols = UNLABELED CIPSOv4 CALIPSO
[    1.249798] NetLabel:  unlabeled traffic allowed by default
[    1.249798] PCI: Using ACPI for IRQ routing
[    1.265238] PCI: pci_cache_line_size set to 64 bytes
[    1.266208] e820: reserve RAM buffer [mem 0x0009e800-0x0009ffff]
[    1.266211] e820: reserve RAM buffer [mem 0xbfed0000-0xbfffffff]
[    1.266227] hpet0: at MMIO 0xfed00000, IRQs 2, 8, 0, 0, 0, 0, 0, 0, 0, 0, 0, 0, 0, 0, 0, 0
[    1.266227] hpet0: 16 comparators, 64-bit 14.318180 MHz counter
[    1.269223] clocksource: Switched to clocksource tsc-early
[    1.328963] VFS: Disk quotas dquot_6.6.0
[    1.329011] VFS: Dquot-cache hash table entries: 512 (order 0, 4096 bytes)
[    1.329481] AppArmor: AppArmor Filesystem Enabled
[    1.329566] pnp: PnP ACPI init
[    1.329799] system 00:00: [io  0x1000-0x103f] has been reserved
[    1.329801] system 00:00: [io  0x1040-0x104f] has been reserved
[    1.329803] system 00:00: [io  0x0cf0-0x0cf1] has been reserved
[    1.330121] system 00:04: [mem 0xfed00000-0xfed003ff] has been reserved
[    1.332235] system 00:05: [io  0xfce0-0xfcff] has been reserved
[    1.332238] system 00:05: [mem 0xf0000000-0xf7ffffff] has been reserved
[    1.332240] system 00:05: [mem 0xfe800000-0xfe9fffff] has been reserved
[    1.361057] pnp: PnP ACPI: found 6 devices
[    1.372036] clocksource: acpi_pm: mask: 0xffffff max_cycles: 0xffffff, max_idle_ns: 2085701024 ns
[    1.372264] NET: Registered PF_INET protocol family
[    1.374327] IP idents hash table entries: 65536 (order: 7, 524288 bytes, linear)
[    1.384856] tcp_listen_portaddr_hash hash table entries: 2048 (order: 3, 32768 bytes, linear)
[    1.385911] Table-perturb hash table entries: 65536 (order: 6, 262144 bytes, linear)
[    1.387047] TCP established hash table entries: 32768 (order: 6, 262144 bytes, linear)
[    1.389292] TCP bind hash table entries: 32768 (order: 7, 524288 bytes, linear)
[    1.389324] TCP: Hash tables configured (established 32768 bind 32768)
[    1.391461] MPTCP token hash table entries: 4096 (order: 4, 98304 bytes, linear)
[    1.391759] UDP hash table entries: 2048 (order: 4, 65536 bytes, linear)
[    1.392038] UDP-Lite hash table entries: 2048 (order: 4, 65536 bytes, linear)
[    1.393100] NET: Registered PF_UNIX/PF_LOCAL protocol family
[    1.393106] NET: Registered PF_XDP protocol family
[    1.393110] pci 0000:00:15.0: bridge window [io  0x1000-0x0fff] to [bus 03] add_size 1000
[    1.393110] pci 0000:00:15.0: bridge window [mem 0x00100000-0x000fffff 64bit pref] to [bus 03] add_size 200000 add_align 100000
[    1.393110] pci 0000:00:15.3: bridge window [io  0x1000-0x0fff] to [bus 06] add_size 1000
[    1.393110] pci 0000:00:15.4: bridge window [io  0x1000-0x0fff] to [bus 07] add_size 1000
[    1.393110] pci 0000:00:15.5: bridge window [io  0x1000-0x0fff] to [bus 08] add_size 1000
[    1.393110] pci 0000:00:15.6: bridge window [io  0x1000-0x0fff] to [bus 09] add_size 1000
[    1.393110] pci 0000:00:15.7: bridge window [io  0x1000-0x0fff] to [bus 0a] add_size 1000
[    1.393110] pci 0000:00:16.3: bridge window [io  0x1000-0x0fff] to [bus 0e] add_size 1000
[    1.393110] pci 0000:00:16.4: bridge window [io  0x1000-0x0fff] to [bus 0f] add_size 1000
[    1.393110] pci 0000:00:16.5: bridge window [io  0x1000-0x0fff] to [bus 10] add_size 1000
[    1.393110] pci 0000:00:16.6: bridge window [io  0x1000-0x0fff] to [bus 11] add_size 1000
[    1.393110] pci 0000:00:16.7: bridge window [io  0x1000-0x0fff] to [bus 12] add_size 1000
[    1.393110] pci 0000:00:17.3: bridge window [io  0x1000-0x0fff] to [bus 16] add_size 1000
[    1.393110] pci 0000:00:17.4: bridge window [io  0x1000-0x0fff] to [bus 17] add_size 1000
[    1.393110] pci 0000:00:17.5: bridge window [io  0x1000-0x0fff] to [bus 18] add_size 1000
[    1.393110] pci 0000:00:17.6: bridge window [io  0x1000-0x0fff] to [bus 19] add_size 1000
[    1.393110] pci 0000:00:17.7: bridge window [io  0x1000-0x0fff] to [bus 1a] add_size 1000
[    1.393110] pci 0000:00:18.3: bridge window [io  0x1000-0x0fff] to [bus 1e] add_size 1000
[    1.393110] pci 0000:00:18.4: bridge window [io  0x1000-0x0fff] to [bus 1f] add_size 1000
[    1.393110] pci 0000:00:18.5: bridge window [io  0x1000-0x0fff] to [bus 20] add_size 1000
[    1.393110] pci 0000:00:18.6: bridge window [io  0x1000-0x0fff] to [bus 21] add_size 1000
[    1.393110] pci 0000:00:18.7: bridge window [io  0x1000-0x0fff] to [bus 22] add_size 1000
[    1.393110] pci 0000:00:15.0: BAR 15: assigned [mem 0xc0000000-0xc01fffff 64bit pref]
[    1.393110] pci 0000:00:10.0: BAR 6: assigned [mem 0xc0200000-0xc0203fff pref]
[    1.393110] pci 0000:00:15.0: BAR 13: no space for [io  size 0x1000]
[    1.393110] pci 0000:00:15.0: BAR 13: failed to assign [io  size 0x1000]
[    1.393110] pci 0000:00:15.3: BAR 13: no space for [io  size 0x1000]
[    1.393110] pci 0000:00:15.3: BAR 13: failed to assign [io  size 0x1000]
[    1.393110] pci 0000:00:15.4: BAR 13: no space for [io  size 0x1000]
[    1.393110] pci 0000:00:15.4: BAR 13: failed to assign [io  size 0x1000]
[    1.393110] pci 0000:00:15.5: BAR 13: no space for [io  size 0x1000]
[    1.393110] pci 0000:00:15.5: BAR 13: failed to assign [io  size 0x1000]
[    1.393110] pci 0000:00:15.6: BAR 13: no space for [io  size 0x1000]
[    1.393110] pci 0000:00:15.6: BAR 13: failed to assign [io  size 0x1000]
[    1.393110] pci 0000:00:15.7: BAR 13: no space for [io  size 0x1000]
[    1.393110] pci 0000:00:15.7: BAR 13: failed to assign [io  size 0x1000]
[    1.393110] pci 0000:00:16.3: BAR 13: no space for [io  size 0x1000]
[    1.393110] pci 0000:00:16.3: BAR 13: failed to assign [io  size 0x1000]
[    1.393110] pci 0000:00:16.4: BAR 13: no space for [io  size 0x1000]
[    1.393110] pci 0000:00:16.4: BAR 13: failed to assign [io  size 0x1000]
[    1.393110] pci 0000:00:16.5: BAR 13: no space for [io  size 0x1000]
[    1.393110] pci 0000:00:16.5: BAR 13: failed to assign [io  size 0x1000]
[    1.393110] pci 0000:00:16.6: BAR 13: no space for [io  size 0x1000]
[    1.393110] pci 0000:00:16.6: BAR 13: failed to assign [io  size 0x1000]
[    1.393110] pci 0000:00:16.7: BAR 13: no space for [io  size 0x1000]
[    1.393110] pci 0000:00:16.7: BAR 13: failed to assign [io  size 0x1000]
[    1.393110] pci 0000:00:17.3: BAR 13: no space for [io  size 0x1000]
[    1.393110] pci 0000:00:17.3: BAR 13: failed to assign [io  size 0x1000]
[    1.393110] pci 0000:00:17.4: BAR 13: no space for [io  size 0x1000]
[    1.393110] pci 0000:00:17.4: BAR 13: failed to assign [io  size 0x1000]
[    1.393110] pci 0000:00:17.5: BAR 13: no space for [io  size 0x1000]
[    1.393110] pci 0000:00:17.5: BAR 13: failed to assign [io  size 0x1000]
[    1.393110] pci 0000:00:17.6: BAR 13: no space for [io  size 0x1000]
[    1.393110] pci 0000:00:17.6: BAR 13: failed to assign [io  size 0x1000]
[    1.393110] pci 0000:00:17.7: BAR 13: no space for [io  size 0x1000]
[    1.393110] pci 0000:00:17.7: BAR 13: failed to assign [io  size 0x1000]
[    1.393110] pci 0000:00:18.3: BAR 13: no space for [io  size 0x1000]
[    1.393110] pci 0000:00:18.3: BAR 13: failed to assign [io  size 0x1000]
[    1.393110] pci 0000:00:18.4: BAR 13: no space for [io  size 0x1000]
[    1.393110] pci 0000:00:18.4: BAR 13: failed to assign [io  size 0x1000]
[    1.393110] pci 0000:00:18.5: BAR 13: no space for [io  size 0x1000]
[    1.393110] pci 0000:00:18.5: BAR 13: failed to assign [io  size 0x1000]
[    1.393110] pci 0000:00:18.6: BAR 13: no space for [io  size 0x1000]
[    1.393110] pci 0000:00:18.6: BAR 13: failed to assign [io  size 0x1000]
[    1.393110] pci 0000:00:18.7: BAR 13: no space for [io  size 0x1000]
[    1.393110] pci 0000:00:18.7: BAR 13: failed to assign [io  size 0x1000]
[    1.393110] pci 0000:00:18.7: BAR 13: no space for [io  size 0x1000]
[    1.393110] pci 0000:00:18.7: BAR 13: failed to assign [io  size 0x1000]
[    1.393110] pci 0000:00:18.6: BAR 13: no space for [io  size 0x1000]
[    1.393110] pci 0000:00:18.6: BAR 13: failed to assign [io  size 0x1000]
[    1.393110] pci 0000:00:18.5: BAR 13: no space for [io  size 0x1000]
[    1.393110] pci 0000:00:18.5: BAR 13: failed to assign [io  size 0x1000]
[    1.393110] pci 0000:00:18.4: BAR 13: no space for [io  size 0x1000]
[    1.393110] pci 0000:00:18.4: BAR 13: failed to assign [io  size 0x1000]
[    1.393110] pci 0000:00:18.3: BAR 13: no space for [io  size 0x1000]
[    1.393110] pci 0000:00:18.3: BAR 13: failed to assign [io  size 0x1000]
[    1.393110] pci 0000:00:17.7: BAR 13: no space for [io  size 0x1000]
[    1.393110] pci 0000:00:17.7: BAR 13: failed to assign [io  size 0x1000]
[    1.393110] pci 0000:00:17.6: BAR 13: no space for [io  size 0x1000]
[    1.393110] pci 0000:00:17.6: BAR 13: failed to assign [io  size 0x1000]
[    1.393110] pci 0000:00:17.5: BAR 13: no space for [io  size 0x1000]
[    1.393110] pci 0000:00:17.5: BAR 13: failed to assign [io  size 0x1000]
[    1.393110] pci 0000:00:17.4: BAR 13: no space for [io  size 0x1000]
[    1.393110] pci 0000:00:17.4: BAR 13: failed to assign [io  size 0x1000]
[    1.393110] pci 0000:00:17.3: BAR 13: no space for [io  size 0x1000]
[    1.393110] pci 0000:00:17.3: BAR 13: failed to assign [io  size 0x1000]
[    1.393110] pci 0000:00:16.7: BAR 13: no space for [io  size 0x1000]
[    1.393110] pci 0000:00:16.7: BAR 13: failed to assign [io  size 0x1000]
[    1.393110] pci 0000:00:16.6: BAR 13: no space for [io  size 0x1000]
[    1.393110] pci 0000:00:16.6: BAR 13: failed to assign [io  size 0x1000]
[    1.393110] pci 0000:00:16.5: BAR 13: no space for [io  size 0x1000]
[    1.393110] pci 0000:00:16.5: BAR 13: failed to assign [io  size 0x1000]
[    1.393110] pci 0000:00:16.4: BAR 13: no space for [io  size 0x1000]
[    1.393110] pci 0000:00:16.4: BAR 13: failed to assign [io  size 0x1000]
[    1.393110] pci 0000:00:16.3: BAR 13: no space for [io  size 0x1000]
[    1.393110] pci 0000:00:16.3: BAR 13: failed to assign [io  size 0x1000]
[    1.393110] pci 0000:00:15.7: BAR 13: no space for [io  size 0x1000]
[    1.393110] pci 0000:00:15.7: BAR 13: failed to assign [io  size 0x1000]
[    1.393110] pci 0000:00:15.6: BAR 13: no space for [io  size 0x1000]
[    1.393110] pci 0000:00:15.6: BAR 13: failed to assign [io  size 0x1000]
[    1.393110] pci 0000:00:15.5: BAR 13: no space for [io  size 0x1000]
[    1.393110] pci 0000:00:15.5: BAR 13: failed to assign [io  size 0x1000]
[    1.393110] pci 0000:00:15.4: BAR 13: no space for [io  size 0x1000]
[    1.393110] pci 0000:00:15.4: BAR 13: failed to assign [io  size 0x1000]
[    1.393110] pci 0000:00:15.3: BAR 13: no space for [io  size 0x1000]
[    1.393110] pci 0000:00:15.3: BAR 13: failed to assign [io  size 0x1000]
[    1.393110] pci 0000:00:15.0: BAR 13: no space for [io  size 0x1000]
[    1.393110] pci 0000:00:15.0: BAR 13: failed to assign [io  size 0x1000]
[    1.393110] pci 0000:00:01.0: PCI bridge to [bus 01]
[    1.393447] pci 0000:02:01.0: BAR 6: assigned [mem 0xfd500000-0xfd50ffff pref]
[    1.393449] pci 0000:02:05.0: BAR 6: assigned [mem 0xfd510000-0xfd51ffff pref]
[    1.393451] pci 0000:00:11.0: PCI bridge to [bus 02]
[    1.393467] pci 0000:00:11.0:   bridge window [io  0x2000-0x3fff]
[    1.393505] pci 0000:00:11.0:   bridge window [mem 0xfd500000-0xfdffffff]
[    1.393527] pci 0000:00:11.0:   bridge window [mem 0xe7b00000-0xe7ffffff 64bit pref]
[    1.393569] pci 0000:00:15.0: PCI bridge to [bus 03]
[    1.393601] pci 0000:00:15.0:   bridge window [mem 0xfd400000-0xfd4fffff]
[    1.393622] pci 0000:00:15.0:   bridge window [mem 0xc0000000-0xc01fffff 64bit pref]
[    1.393723] pci 0000:00:15.1: PCI bridge to [bus 04]
[    1.393738] pci 0000:00:15.1:   bridge window [io  0x7000-0x7fff]
[    1.393770] pci 0000:00:15.1:   bridge window [mem 0xfd000000-0xfd0fffff]
[    1.393791] pci 0000:00:15.1:   bridge window [mem 0xe7700000-0xe77fffff 64bit pref]
[    1.393864] pci 0000:00:15.2: PCI bridge to [bus 05]
[    1.393886] pci 0000:00:15.2:   bridge window [io  0xb000-0xbfff]
[    1.393917] pci 0000:00:15.2:   bridge window [mem 0xfcc00000-0xfccfffff]
[    1.393938] pci 0000:00:15.2:   bridge window [mem 0xe7300000-0xe73fffff 64bit pref]
[    1.394010] pci 0000:00:15.3: PCI bridge to [bus 06]
[    1.394042] pci 0000:00:15.3:   bridge window [mem 0xfc800000-0xfc8fffff]
[    1.394063] pci 0000:00:15.3:   bridge window [mem 0xe6f00000-0xe6ffffff 64bit pref]
[    1.394133] pci 0000:00:15.4: PCI bridge to [bus 07]
[    1.394165] pci 0000:00:15.4:   bridge window [mem 0xfc400000-0xfc4fffff]
[    1.394187] pci 0000:00:15.4:   bridge window [mem 0xe6b00000-0xe6bfffff 64bit pref]
[    1.394257] pci 0000:00:15.5: PCI bridge to [bus 08]
[    1.394289] pci 0000:00:15.5:   bridge window [mem 0xfc000000-0xfc0fffff]
[    1.394310] pci 0000:00:15.5:   bridge window [mem 0xe6700000-0xe67fffff 64bit pref]
[    1.394389] pci 0000:00:15.6: PCI bridge to [bus 09]
[    1.394421] pci 0000:00:15.6:   bridge window [mem 0xfbc00000-0xfbcfffff]
[    1.394442] pci 0000:00:15.6:   bridge window [mem 0xe6300000-0xe63fffff 64bit pref]
[    1.394513] pci 0000:00:15.7: PCI bridge to [bus 0a]
[    1.394544] pci 0000:00:15.7:   bridge window [mem 0xfb800000-0xfb8fffff]
[    1.394565] pci 0000:00:15.7:   bridge window [mem 0xe5f00000-0xe5ffffff 64bit pref]
[    1.394635] pci 0000:00:16.0: PCI bridge to [bus 0b]
[    1.394647] pci 0000:00:16.0:   bridge window [io  0x4000-0x4fff]
[    1.394679] pci 0000:00:16.0:   bridge window [mem 0xfd300000-0xfd3fffff]
[    1.394700] pci 0000:00:16.0:   bridge window [mem 0xe7a00000-0xe7afffff 64bit pref]
[    1.394771] pci 0000:00:16.1: PCI bridge to [bus 0c]
[    1.394782] pci 0000:00:16.1:   bridge window [io  0x8000-0x8fff]
[    1.394814] pci 0000:00:16.1:   bridge window [mem 0xfcf00000-0xfcffffff]
[    1.394835] pci 0000:00:16.1:   bridge window [mem 0xe7600000-0xe76fffff 64bit pref]
[    1.394905] pci 0000:00:16.2: PCI bridge to [bus 0d]
[    1.394917] pci 0000:00:16.2:   bridge window [io  0xc000-0xcfff]
[    1.394948] pci 0000:00:16.2:   bridge window [mem 0xfcb00000-0xfcbfffff]
[    1.394970] pci 0000:00:16.2:   bridge window [mem 0xe7200000-0xe72fffff 64bit pref]
[    1.395040] pci 0000:00:16.3: PCI bridge to [bus 0e]
[    1.395071] pci 0000:00:16.3:   bridge window [mem 0xfc700000-0xfc7fffff]
[    1.395093] pci 0000:00:16.3:   bridge window [mem 0xe6e00000-0xe6efffff 64bit pref]
[    1.395163] pci 0000:00:16.4: PCI bridge to [bus 0f]
[    1.395195] pci 0000:00:16.4:   bridge window [mem 0xfc300000-0xfc3fffff]
[    1.395216] pci 0000:00:16.4:   bridge window [mem 0xe6a00000-0xe6afffff 64bit pref]
[    1.395286] pci 0000:00:16.5: PCI bridge to [bus 10]
[    1.395318] pci 0000:00:16.5:   bridge window [mem 0xfbf00000-0xfbffffff]
[    1.395339] pci 0000:00:16.5:   bridge window [mem 0xe6600000-0xe66fffff 64bit pref]
[    1.395412] pci 0000:00:16.6: PCI bridge to [bus 11]
[    1.395443] pci 0000:00:16.6:   bridge window [mem 0xfbb00000-0xfbbfffff]
[    1.395465] pci 0000:00:16.6:   bridge window [mem 0xe6200000-0xe62fffff 64bit pref]
[    1.395535] pci 0000:00:16.7: PCI bridge to [bus 12]
[    1.395567] pci 0000:00:16.7:   bridge window [mem 0xfb700000-0xfb7fffff]
[    1.395588] pci 0000:00:16.7:   bridge window [mem 0xe5e00000-0xe5efffff 64bit pref]
[    1.395658] pci 0000:00:17.0: PCI bridge to [bus 13]
[    1.395670] pci 0000:00:17.0:   bridge window [io  0x5000-0x5fff]
[    1.395701] pci 0000:00:17.0:   bridge window [mem 0xfd200000-0xfd2fffff]
[    1.395722] pci 0000:00:17.0:   bridge window [mem 0xe7900000-0xe79fffff 64bit pref]
[    1.395793] pci 0000:00:17.1: PCI bridge to [bus 14]
[    1.395805] pci 0000:00:17.1:   bridge window [io  0x9000-0x9fff]
[    1.395836] pci 0000:00:17.1:   bridge window [mem 0xfce00000-0xfcefffff]
[    1.395857] pci 0000:00:17.1:   bridge window [mem 0xe7500000-0xe75fffff 64bit pref]
[    1.395928] pci 0000:00:17.2: PCI bridge to [bus 15]
[    1.395940] pci 0000:00:17.2:   bridge window [io  0xd000-0xdfff]
[    1.395971] pci 0000:00:17.2:   bridge window [mem 0xfca00000-0xfcafffff]
[    1.395993] pci 0000:00:17.2:   bridge window [mem 0xe7100000-0xe71fffff 64bit pref]
[    1.396063] pci 0000:00:17.3: PCI bridge to [bus 16]
[    1.396095] pci 0000:00:17.3:   bridge window [mem 0xfc600000-0xfc6fffff]
[    1.396116] pci 0000:00:17.3:   bridge window [mem 0xe6d00000-0xe6dfffff 64bit pref]
[    1.396187] pci 0000:00:17.4: PCI bridge to [bus 17]
[    1.396218] pci 0000:00:17.4:   bridge window [mem 0xfc200000-0xfc2fffff]
[    1.396239] pci 0000:00:17.4:   bridge window [mem 0xe6900000-0xe69fffff 64bit pref]
[    1.396309] pci 0000:00:17.5: PCI bridge to [bus 18]
[    1.396340] pci 0000:00:17.5:   bridge window [mem 0xfbe00000-0xfbefffff]
[    1.396362] pci 0000:00:17.5:   bridge window [mem 0xe6500000-0xe65fffff 64bit pref]
[    1.396437] pci 0000:00:17.6: PCI bridge to [bus 19]
[    1.396469] pci 0000:00:17.6:   bridge window [mem 0xfba00000-0xfbafffff]
[    1.396491] pci 0000:00:17.6:   bridge window [mem 0xe6100000-0xe61fffff 64bit pref]
[    1.396561] pci 0000:00:17.7: PCI bridge to [bus 1a]
[    1.396593] pci 0000:00:17.7:   bridge window [mem 0xfb600000-0xfb6fffff]
[    1.396614] pci 0000:00:17.7:   bridge window [mem 0xe5d00000-0xe5dfffff 64bit pref]
[    1.396685] pci 0000:00:18.0: PCI bridge to [bus 1b]
[    1.396697] pci 0000:00:18.0:   bridge window [io  0x6000-0x6fff]
[    1.396728] pci 0000:00:18.0:   bridge window [mem 0xfd100000-0xfd1fffff]
[    1.396749] pci 0000:00:18.0:   bridge window [mem 0xe7800000-0xe78fffff 64bit pref]
[    1.396819] pci 0000:00:18.1: PCI bridge to [bus 1c]
[    1.396831] pci 0000:00:18.1:   bridge window [io  0xa000-0xafff]
[    1.396862] pci 0000:00:18.1:   bridge window [mem 0xfcd00000-0xfcdfffff]
[    1.396884] pci 0000:00:18.1:   bridge window [mem 0xe7400000-0xe74fffff 64bit pref]
[    1.396954] pci 0000:00:18.2: PCI bridge to [bus 1d]
[    1.396966] pci 0000:00:18.2:   bridge window [io  0xe000-0xefff]
[    1.396997] pci 0000:00:18.2:   bridge window [mem 0xfc900000-0xfc9fffff]
[    1.397018] pci 0000:00:18.2:   bridge window [mem 0xe7000000-0xe70fffff 64bit pref]
[    1.397088] pci 0000:00:18.3: PCI bridge to [bus 1e]
[    1.397128] pci 0000:00:18.3:   bridge window [mem 0xfc500000-0xfc5fffff]
[    1.397149] pci 0000:00:18.3:   bridge window [mem 0xe6c00000-0xe6cfffff 64bit pref]
[    1.397220] pci 0000:00:18.4: PCI bridge to [bus 1f]
[    1.397252] pci 0000:00:18.4:   bridge window [mem 0xfc100000-0xfc1fffff]
[    1.397273] pci 0000:00:18.4:   bridge window [mem 0xe6800000-0xe68fffff 64bit pref]
[    1.397344] pci 0000:00:18.5: PCI bridge to [bus 20]
[    1.397376] pci 0000:00:18.5:   bridge window [mem 0xfbd00000-0xfbdfffff]
[    1.397406] pci 0000:00:18.5:   bridge window [mem 0xe6400000-0xe64fffff 64bit pref]
[    1.397477] pci 0000:00:18.6: PCI bridge to [bus 21]
[    1.397508] pci 0000:00:18.6:   bridge window [mem 0xfb900000-0xfb9fffff]
[    1.397529] pci 0000:00:18.6:   bridge window [mem 0xe6000000-0xe60fffff 64bit pref]
[    1.397599] pci 0000:00:18.7: PCI bridge to [bus 22]
[    1.397631] pci 0000:00:18.7:   bridge window [mem 0xfb500000-0xfb5fffff]
[    1.397652] pci 0000:00:18.7:   bridge window [mem 0xe5c00000-0xe5cfffff 64bit pref]
[    1.397723] pci_bus 0000:00: resource 4 [io  0x0000-0x0cf7 window]
[    1.397724] pci_bus 0000:00: resource 5 [io  0x0d00-0xfeff window]
[    1.397725] pci_bus 0000:00: resource 6 [mem 0x000a0000-0x000bffff window]
[    1.397726] pci_bus 0000:00: resource 7 [mem 0x000d0000-0x000dbfff window]
[    1.397727] pci_bus 0000:00: resource 8 [mem 0xc0000000-0xfebfffff window]
[    1.397729] pci_bus 0000:02: resource 0 [io  0x2000-0x3fff]
[    1.397730] pci_bus 0000:02: resource 1 [mem 0xfd500000-0xfdffffff]
[    1.397730] pci_bus 0000:02: resource 2 [mem 0xe7b00000-0xe7ffffff 64bit pref]
[    1.397731] pci_bus 0000:02: resource 4 [io  0x0000-0x0cf7 window]
[    1.397732] pci_bus 0000:02: resource 5 [io  0x0d00-0xfeff window]
[    1.397733] pci_bus 0000:02: resource 6 [mem 0x000a0000-0x000bffff window]
[    1.397734] pci_bus 0000:02: resource 7 [mem 0x000d0000-0x000dbfff window]
[    1.397735] pci_bus 0000:02: resource 8 [mem 0xc0000000-0xfebfffff window]
[    1.397736] pci_bus 0000:03: resource 1 [mem 0xfd400000-0xfd4fffff]
[    1.397737] pci_bus 0000:03: resource 2 [mem 0xc0000000-0xc01fffff 64bit pref]
[    1.397738] pci_bus 0000:04: resource 0 [io  0x7000-0x7fff]
[    1.397739] pci_bus 0000:04: resource 1 [mem 0xfd000000-0xfd0fffff]
[    1.397740] pci_bus 0000:04: resource 2 [mem 0xe7700000-0xe77fffff 64bit pref]
[    1.397741] pci_bus 0000:05: resource 0 [io  0xb000-0xbfff]
[    1.397742] pci_bus 0000:05: resource 1 [mem 0xfcc00000-0xfccfffff]
[    1.397742] pci_bus 0000:05: resource 2 [mem 0xe7300000-0xe73fffff 64bit pref]
[    1.397744] pci_bus 0000:06: resource 1 [mem 0xfc800000-0xfc8fffff]
[    1.397744] pci_bus 0000:06: resource 2 [mem 0xe6f00000-0xe6ffffff 64bit pref]
[    1.397745] pci_bus 0000:07: resource 1 [mem 0xfc400000-0xfc4fffff]
[    1.397746] pci_bus 0000:07: resource 2 [mem 0xe6b00000-0xe6bfffff 64bit pref]
[    1.397747] pci_bus 0000:08: resource 1 [mem 0xfc000000-0xfc0fffff]
[    1.397748] pci_bus 0000:08: resource 2 [mem 0xe6700000-0xe67fffff 64bit pref]
[    1.397749] pci_bus 0000:09: resource 1 [mem 0xfbc00000-0xfbcfffff]
[    1.397750] pci_bus 0000:09: resource 2 [mem 0xe6300000-0xe63fffff 64bit pref]
[    1.397751] pci_bus 0000:0a: resource 1 [mem 0xfb800000-0xfb8fffff]
[    1.397752] pci_bus 0000:0a: resource 2 [mem 0xe5f00000-0xe5ffffff 64bit pref]
[    1.397753] pci_bus 0000:0b: resource 0 [io  0x4000-0x4fff]
[    1.397753] pci_bus 0000:0b: resource 1 [mem 0xfd300000-0xfd3fffff]
[    1.397754] pci_bus 0000:0b: resource 2 [mem 0xe7a00000-0xe7afffff 64bit pref]
[    1.397756] pci_bus 0000:0c: resource 0 [io  0x8000-0x8fff]
[    1.397756] pci_bus 0000:0c: resource 1 [mem 0xfcf00000-0xfcffffff]
[    1.397757] pci_bus 0000:0c: resource 2 [mem 0xe7600000-0xe76fffff 64bit pref]
[    1.397758] pci_bus 0000:0d: resource 0 [io  0xc000-0xcfff]
[    1.397759] pci_bus 0000:0d: resource 1 [mem 0xfcb00000-0xfcbfffff]
[    1.397760] pci_bus 0000:0d: resource 2 [mem 0xe7200000-0xe72fffff 64bit pref]
[    1.397761] pci_bus 0000:0e: resource 1 [mem 0xfc700000-0xfc7fffff]
[    1.397762] pci_bus 0000:0e: resource 2 [mem 0xe6e00000-0xe6efffff 64bit pref]
[    1.397763] pci_bus 0000:0f: resource 1 [mem 0xfc300000-0xfc3fffff]
[    1.397764] pci_bus 0000:0f: resource 2 [mem 0xe6a00000-0xe6afffff 64bit pref]
[    1.397765] pci_bus 0000:10: resource 1 [mem 0xfbf00000-0xfbffffff]
[    1.397765] pci_bus 0000:10: resource 2 [mem 0xe6600000-0xe66fffff 64bit pref]
[    1.397766] pci_bus 0000:11: resource 1 [mem 0xfbb00000-0xfbbfffff]
[    1.397767] pci_bus 0000:11: resource 2 [mem 0xe6200000-0xe62fffff 64bit pref]
[    1.397768] pci_bus 0000:12: resource 1 [mem 0xfb700000-0xfb7fffff]
[    1.397769] pci_bus 0000:12: resource 2 [mem 0xe5e00000-0xe5efffff 64bit pref]
[    1.397770] pci_bus 0000:13: resource 0 [io  0x5000-0x5fff]
[    1.397771] pci_bus 0000:13: resource 1 [mem 0xfd200000-0xfd2fffff]
[    1.397772] pci_bus 0000:13: resource 2 [mem 0xe7900000-0xe79fffff 64bit pref]
[    1.397773] pci_bus 0000:14: resource 0 [io  0x9000-0x9fff]
[    1.397773] pci_bus 0000:14: resource 1 [mem 0xfce00000-0xfcefffff]
[    1.397774] pci_bus 0000:14: resource 2 [mem 0xe7500000-0xe75fffff 64bit pref]
[    1.397775] pci_bus 0000:15: resource 0 [io  0xd000-0xdfff]
[    1.397776] pci_bus 0000:15: resource 1 [mem 0xfca00000-0xfcafffff]
[    1.397777] pci_bus 0000:15: resource 2 [mem 0xe7100000-0xe71fffff 64bit pref]
[    1.397778] pci_bus 0000:16: resource 1 [mem 0xfc600000-0xfc6fffff]
[    1.397779] pci_bus 0000:16: resource 2 [mem 0xe6d00000-0xe6dfffff 64bit pref]
[    1.397780] pci_bus 0000:17: resource 1 [mem 0xfc200000-0xfc2fffff]
[    1.397781] pci_bus 0000:17: resource 2 [mem 0xe6900000-0xe69fffff 64bit pref]
[    1.397782] pci_bus 0000:18: resource 1 [mem 0xfbe00000-0xfbefffff]
[    1.397783] pci_bus 0000:18: resource 2 [mem 0xe6500000-0xe65fffff 64bit pref]
[    1.397784] pci_bus 0000:19: resource 1 [mem 0xfba00000-0xfbafffff]
[    1.397784] pci_bus 0000:19: resource 2 [mem 0xe6100000-0xe61fffff 64bit pref]
[    1.397785] pci_bus 0000:1a: resource 1 [mem 0xfb600000-0xfb6fffff]
[    1.397786] pci_bus 0000:1a: resource 2 [mem 0xe5d00000-0xe5dfffff 64bit pref]
[    1.397787] pci_bus 0000:1b: resource 0 [io  0x6000-0x6fff]
[    1.397788] pci_bus 0000:1b: resource 1 [mem 0xfd100000-0xfd1fffff]
[    1.397789] pci_bus 0000:1b: resource 2 [mem 0xe7800000-0xe78fffff 64bit pref]
[    1.397790] pci_bus 0000:1c: resource 0 [io  0xa000-0xafff]
[    1.397791] pci_bus 0000:1c: resource 1 [mem 0xfcd00000-0xfcdfffff]
[    1.397791] pci_bus 0000:1c: resource 2 [mem 0xe7400000-0xe74fffff 64bit pref]
[    1.397792] pci_bus 0000:1d: resource 0 [io  0xe000-0xefff]
[    1.397793] pci_bus 0000:1d: resource 1 [mem 0xfc900000-0xfc9fffff]
[    1.397794] pci_bus 0000:1d: resource 2 [mem 0xe7000000-0xe70fffff 64bit pref]
[    1.397795] pci_bus 0000:1e: resource 1 [mem 0xfc500000-0xfc5fffff]
[    1.397796] pci_bus 0000:1e: resource 2 [mem 0xe6c00000-0xe6cfffff 64bit pref]
[    1.397797] pci_bus 0000:1f: resource 1 [mem 0xfc100000-0xfc1fffff]
[    1.397797] pci_bus 0000:1f: resource 2 [mem 0xe6800000-0xe68fffff 64bit pref]
[    1.397799] pci_bus 0000:20: resource 1 [mem 0xfbd00000-0xfbdfffff]
[    1.397799] pci_bus 0000:20: resource 2 [mem 0xe6400000-0xe64fffff 64bit pref]
[    1.397800] pci_bus 0000:21: resource 1 [mem 0xfb900000-0xfb9fffff]
[    1.397801] pci_bus 0000:21: resource 2 [mem 0xe6000000-0xe60fffff 64bit pref]
[    1.397802] pci_bus 0000:22: resource 1 [mem 0xfb500000-0xfb5fffff]
[    1.397803] pci_bus 0000:22: resource 2 [mem 0xe5c00000-0xe5cfffff 64bit pref]
[    1.398022] pci 0000:00:00.0: Limiting direct PCI/PCI transfers
[    1.399648] pci 0000:02:01.0: CLS mismatch (32 != 64), using 64 bytes
[    1.401057] PCI-DMA: Using software bounce buffering for IO (SWIOTLB)
[    1.401058] software IO TLB: mapped [mem 0x00000000bbed0000-0x00000000bfed0000] (64MB)
[    1.401090] clocksource: tsc: mask: 0xffffffffffffffff max_cycles: 0x2e0a27ea444, max_idle_ns: 440795348232 ns
[    1.401215] clocksource: Switched to clocksource tsc
[    1.401548] Trying to unpack rootfs image as initramfs...
[    1.404760] Initialise system trusted keyrings
[    1.404810] Key type blacklist registered
[    1.405048] workingset: timestamp_bits=36 max_order=20 bucket_order=0
[    1.408530] zbud: loaded
[    1.409531] squashfs: version 4.0 (2009/01/31) Phillip Lougher
[    1.410379] fuse: init (API version 7.34)
[    1.411235] integrity: Platform Keyring initialized
[    1.421668] Key type asymmetric registered
[    1.421670] Asymmetric key parser 'x509' registered
[    1.421871] Block layer SCSI generic (bsg) driver version 0.4 loaded (major 243)
[    1.422130] io scheduler mq-deadline registered
[    1.423700] pcieport 0000:00:15.0: PME: Signaling with IRQ 24
[    1.423811] pcieport 0000:00:15.0: pciehp: Slot #160 AttnBtn+ PwrCtrl+ MRL- AttnInd- PwrInd- HotPlug+ Surprise- Interlock- NoCompl+ IbPresDis- LLActRep+
[    1.425025] pcieport 0000:00:15.1: PME: Signaling with IRQ 25
[    1.425161] pcieport 0000:00:15.1: pciehp: Slot #161 AttnBtn+ PwrCtrl+ MRL- AttnInd- PwrInd- HotPlug+ Surprise- Interlock- NoCompl+ IbPresDis- LLActRep+
[    1.426351] pcieport 0000:00:15.2: PME: Signaling with IRQ 26
[    1.426446] pcieport 0000:00:15.2: pciehp: Slot #162 AttnBtn+ PwrCtrl+ MRL- AttnInd- PwrInd- HotPlug+ Surprise- Interlock- NoCompl+ IbPresDis- LLActRep+
[    1.427685] pcieport 0000:00:15.3: PME: Signaling with IRQ 27
[    1.427771] pcieport 0000:00:15.3: pciehp: Slot #163 AttnBtn+ PwrCtrl+ MRL- AttnInd- PwrInd- HotPlug+ Surprise- Interlock- NoCompl+ IbPresDis- LLActRep+
[    1.428946] pcieport 0000:00:15.4: PME: Signaling with IRQ 28
[    1.429030] pcieport 0000:00:15.4: pciehp: Slot #164 AttnBtn+ PwrCtrl+ MRL- AttnInd- PwrInd- HotPlug+ Surprise- Interlock- NoCompl+ IbPresDis- LLActRep+
[    1.430584] pcieport 0000:00:15.5: PME: Signaling with IRQ 29
[    1.430694] pcieport 0000:00:15.5: pciehp: Slot #165 AttnBtn+ PwrCtrl+ MRL- AttnInd- PwrInd- HotPlug+ Surprise- Interlock- NoCompl+ IbPresDis- LLActRep+
[    1.431866] pcieport 0000:00:15.6: PME: Signaling with IRQ 30
[    1.431977] pcieport 0000:00:15.6: pciehp: Slot #166 AttnBtn+ PwrCtrl+ MRL- AttnInd- PwrInd- HotPlug+ Surprise- Interlock- NoCompl+ IbPresDis- LLActRep+
[    1.433259] pcieport 0000:00:15.7: PME: Signaling with IRQ 31
[    1.433405] pcieport 0000:00:15.7: pciehp: Slot #167 AttnBtn+ PwrCtrl+ MRL- AttnInd- PwrInd- HotPlug+ Surprise- Interlock- NoCompl+ IbPresDis- LLActRep+
[    1.434586] pcieport 0000:00:16.0: PME: Signaling with IRQ 32
[    1.434671] pcieport 0000:00:16.0: pciehp: Slot #192 AttnBtn+ PwrCtrl+ MRL- AttnInd- PwrInd- HotPlug+ Surprise- Interlock- NoCompl+ IbPresDis- LLActRep+
[    1.435837] pcieport 0000:00:16.1: PME: Signaling with IRQ 33
[    1.435921] pcieport 0000:00:16.1: pciehp: Slot #193 AttnBtn+ PwrCtrl+ MRL- AttnInd- PwrInd- HotPlug+ Surprise- Interlock- NoCompl+ IbPresDis- LLActRep+
[    1.437159] pcieport 0000:00:16.2: PME: Signaling with IRQ 34
[    1.437247] pcieport 0000:00:16.2: pciehp: Slot #194 AttnBtn+ PwrCtrl+ MRL- AttnInd- PwrInd- HotPlug+ Surprise- Interlock- NoCompl+ IbPresDis- LLActRep+
[    1.438434] pcieport 0000:00:16.3: PME: Signaling with IRQ 35
[    1.438543] pcieport 0000:00:16.3: pciehp: Slot #195 AttnBtn+ PwrCtrl+ MRL- AttnInd- PwrInd- HotPlug+ Surprise- Interlock- NoCompl+ IbPresDis- LLActRep+
[    1.439863] pcieport 0000:00:16.4: PME: Signaling with IRQ 36
[    1.439970] pcieport 0000:00:16.4: pciehp: Slot #196 AttnBtn+ PwrCtrl+ MRL- AttnInd- PwrInd- HotPlug+ Surprise- Interlock- NoCompl+ IbPresDis- LLActRep+
[    1.441149] pcieport 0000:00:16.5: PME: Signaling with IRQ 37
[    1.441236] pcieport 0000:00:16.5: pciehp: Slot #197 AttnBtn+ PwrCtrl+ MRL- AttnInd- PwrInd- HotPlug+ Surprise- Interlock- NoCompl+ IbPresDis- LLActRep+
[    1.442455] pcieport 0000:00:16.6: PME: Signaling with IRQ 38
[    1.442546] pcieport 0000:00:16.6: pciehp: Slot #198 AttnBtn+ PwrCtrl+ MRL- AttnInd- PwrInd- HotPlug+ Surprise- Interlock- NoCompl+ IbPresDis- LLActRep+
[    1.443732] pcieport 0000:00:16.7: PME: Signaling with IRQ 39
[    1.443817] pcieport 0000:00:16.7: pciehp: Slot #199 AttnBtn+ PwrCtrl+ MRL- AttnInd- PwrInd- HotPlug+ Surprise- Interlock- NoCompl+ IbPresDis- LLActRep+
[    1.445178] pcieport 0000:00:17.0: PME: Signaling with IRQ 40
[    1.445286] pcieport 0000:00:17.0: pciehp: Slot #224 AttnBtn+ PwrCtrl+ MRL- AttnInd- PwrInd- HotPlug+ Surprise- Interlock- NoCompl+ IbPresDis- LLActRep+
[    1.446548] pcieport 0000:00:17.1: PME: Signaling with IRQ 41
[    1.446656] pcieport 0000:00:17.1: pciehp: Slot #225 AttnBtn+ PwrCtrl+ MRL- AttnInd- PwrInd- HotPlug+ Surprise- Interlock- NoCompl+ IbPresDis- LLActRep+
[    1.447850] pcieport 0000:00:17.2: PME: Signaling with IRQ 42
[    1.447936] pcieport 0000:00:17.2: pciehp: Slot #226 AttnBtn+ PwrCtrl+ MRL- AttnInd- PwrInd- HotPlug+ Surprise- Interlock- NoCompl+ IbPresDis- LLActRep+
[    1.449122] pcieport 0000:00:17.3: PME: Signaling with IRQ 43
[    1.449207] pcieport 0000:00:17.3: pciehp: Slot #227 AttnBtn+ PwrCtrl+ MRL- AttnInd- PwrInd- HotPlug+ Surprise- Interlock- NoCompl+ IbPresDis- LLActRep+
[    1.450381] pcieport 0000:00:17.4: PME: Signaling with IRQ 44
[    1.450469] pcieport 0000:00:17.4: pciehp: Slot #228 AttnBtn+ PwrCtrl+ MRL- AttnInd- PwrInd- HotPlug+ Surprise- Interlock- NoCompl+ IbPresDis- LLActRep+
[    1.451988] pcieport 0000:00:17.5: PME: Signaling with IRQ 45
[    1.452108] pcieport 0000:00:17.5: pciehp: Slot #229 AttnBtn+ PwrCtrl+ MRL- AttnInd- PwrInd- HotPlug+ Surprise- Interlock- NoCompl+ IbPresDis- LLActRep+
[    1.453288] pcieport 0000:00:17.6: PME: Signaling with IRQ 46
[    1.453401] pcieport 0000:00:17.6: pciehp: Slot #230 AttnBtn+ PwrCtrl+ MRL- AttnInd- PwrInd- HotPlug+ Surprise- Interlock- NoCompl+ IbPresDis- LLActRep+
[    1.455148] pcieport 0000:00:17.7: PME: Signaling with IRQ 47
[    1.455348] pcieport 0000:00:17.7: pciehp: Slot #231 AttnBtn+ PwrCtrl+ MRL- AttnInd- PwrInd- HotPlug+ Surprise- Interlock- NoCompl+ IbPresDis- LLActRep+
[    1.456720] pcieport 0000:00:18.0: PME: Signaling with IRQ 48
[    1.456806] pcieport 0000:00:18.0: pciehp: Slot #256 AttnBtn+ PwrCtrl+ MRL- AttnInd- PwrInd- HotPlug+ Surprise- Interlock- NoCompl+ IbPresDis- LLActRep+
[    1.458033] pcieport 0000:00:18.1: PME: Signaling with IRQ 49
[    1.458118] pcieport 0000:00:18.1: pciehp: Slot #257 AttnBtn+ PwrCtrl+ MRL- AttnInd- PwrInd- HotPlug+ Surprise- Interlock- NoCompl+ IbPresDis- LLActRep+
[    1.459335] pcieport 0000:00:18.2: PME: Signaling with IRQ 50
[    1.459430] pcieport 0000:00:18.2: pciehp: Slot #258 AttnBtn+ PwrCtrl+ MRL- AttnInd- PwrInd- HotPlug+ Surprise- Interlock- NoCompl+ IbPresDis- LLActRep+
[    1.460603] pcieport 0000:00:18.3: PME: Signaling with IRQ 51
[    1.460709] pcieport 0000:00:18.3: pciehp: Slot #259 AttnBtn+ PwrCtrl+ MRL- AttnInd- PwrInd- HotPlug+ Surprise- Interlock- NoCompl+ IbPresDis- LLActRep+
[    1.461965] pcieport 0000:00:18.4: PME: Signaling with IRQ 52
[    1.462074] pcieport 0000:00:18.4: pciehp: Slot #260 AttnBtn+ PwrCtrl+ MRL- AttnInd- PwrInd- HotPlug+ Surprise- Interlock- NoCompl+ IbPresDis- LLActRep+
[    1.463290] pcieport 0000:00:18.5: PME: Signaling with IRQ 53
[    1.463375] pcieport 0000:00:18.5: pciehp: Slot #261 AttnBtn+ PwrCtrl+ MRL- AttnInd- PwrInd- HotPlug+ Surprise- Interlock- NoCompl+ IbPresDis- LLActRep+
[    1.464666] pcieport 0000:00:18.6: PME: Signaling with IRQ 54
[    1.464751] pcieport 0000:00:18.6: pciehp: Slot #262 AttnBtn+ PwrCtrl+ MRL- AttnInd- PwrInd- HotPlug+ Surprise- Interlock- NoCompl+ IbPresDis- LLActRep+
[    1.465994] pcieport 0000:00:18.7: PME: Signaling with IRQ 55
[    1.466080] pcieport 0000:00:18.7: pciehp: Slot #263 AttnBtn+ PwrCtrl+ MRL- AttnInd- PwrInd- HotPlug+ Surprise- Interlock- NoCompl+ IbPresDis- LLActRep+
[    1.466866] shpchp: Standard Hot Plug PCI Controller Driver version: 0.4
[    1.467408] ACPI: AC: AC Adapter [ACAD] (on-line)
[    1.467536] input: Power Button as /devices/LNXSYSTM:00/LNXPWRBN:00/input/input0
[    1.467595] ACPI: button: Power Button [PWRF]
[    1.469947] Serial: 8250/16550 driver, 32 ports, IRQ sharing enabled
[    1.474656] Linux agpgart interface v0.103
[    1.474727] agpgart-intel 0000:00:00.0: Intel 440BX Chipset
[    1.477026] agpgart-intel 0000:00:00.0: AGP aperture is 256M @ 0x0
[    1.536455] loop: module loaded
[    1.537039] ata_piix 0000:00:07.1: version 2.13
[    1.538433] scsi host0: ata_piix
[    1.539295] scsi host1: ata_piix
[    1.539399] ata1: PATA max UDMA/33 cmd 0x1f0 ctl 0x3f6 bmdma 0x1060 irq 14
[    1.539401] ata2: PATA max UDMA/33 cmd 0x170 ctl 0x376 bmdma 0x1068 irq 15
[    1.540253] tun: Universal TUN/TAP device driver, 1.6
[    1.540327] PPP generic driver version 2.4.2
[    1.540501] VFIO - User Level meta-driver version: 0.3
[    1.540699] ehci_hcd: USB 2.0 'Enhanced' Host Controller (EHCI) Driver
[    1.540702] ehci-pci: EHCI PCI platform driver
[    1.541565] ehci-pci 0000:02:03.0: EHCI Host Controller
[    1.541571] ehci-pci 0000:02:03.0: new USB bus registered, assigned bus number 1
[    1.541780] ehci-pci 0000:02:03.0: irq 17, io mem 0xfd5ef000
[    1.560468] ehci-pci 0000:02:03.0: USB 2.0 started, EHCI 1.00
[    1.560577] usb usb1: New USB device found, idVendor=1d6b, idProduct=0002, bcdDevice= 5.15
[    1.560580] usb usb1: New USB device strings: Mfr=3, Product=2, SerialNumber=1
[    1.560581] usb usb1: Product: EHCI Host Controller
[    1.560582] usb usb1: Manufacturer: Linux 5.15.0-60-generic ehci_hcd
[    1.560583] usb usb1: SerialNumber: 0000:02:03.0
[    1.560816] hub 1-0:1.0: USB hub found
[    1.560823] hub 1-0:1.0: 6 ports detected
[    1.561366] ehci-platform: EHCI generic platform driver
[    1.561380] ohci_hcd: USB 1.1 'Open' Host Controller (OHCI) Driver
[    1.561384] ohci-pci: OHCI PCI platform driver
[    1.561397] ohci-platform: OHCI generic platform driver
[    1.561402] uhci_hcd: USB Universal Host Controller Interface driver
[    1.562048] uhci_hcd 0000:02:00.0: UHCI Host Controller
[    1.562053] uhci_hcd 0000:02:00.0: new USB bus registered, assigned bus number 2
[    1.562091] uhci_hcd 0000:02:00.0: detected 2 ports
[    1.562319] uhci_hcd 0000:02:00.0: irq 18, io base 0x00002080
[    1.562433] usb usb2: New USB device found, idVendor=1d6b, idProduct=0001, bcdDevice= 5.15
[    1.562435] usb usb2: New USB device strings: Mfr=3, Product=2, SerialNumber=1
[    1.562436] usb usb2: Product: UHCI Host Controller
[    1.562437] usb usb2: Manufacturer: Linux 5.15.0-60-generic uhci_hcd
[    1.562438] usb usb2: SerialNumber: 0000:02:00.0
[    1.562622] hub 2-0:1.0: USB hub found
[    1.562627] hub 2-0:1.0: 2 ports detected
[    1.562922] i8042: PNP: PS/2 Controller [PNP0303:KBC,PNP0f13:MOUS] at 0x60,0x64 irq 1,12
[    1.563668] serio: i8042 KBD port at 0x60,0x64 irq 1
[    1.563673] serio: i8042 AUX port at 0x60,0x64 irq 12
[    1.564089] mousedev: PS/2 mouse device common for all mice
[    1.565699] rtc_cmos 00:01: registered as rtc0
[    1.565794] rtc_cmos 00:01: setting system clock to 2023-02-26T11:41:41 UTC (1677411701)
[    1.565829] rtc_cmos 00:01: alarms up to one month, y3k, 114 bytes nvram, hpet irqs
[    1.565836] i2c_dev: i2c /dev entries driver
[    1.565962] device-mapper: core: CONFIG_IMA_DISABLE_HTABLE is disabled. Duplicate IMA measurements will not be recorded in the IMA log.
[    1.566071] device-mapper: uevent: version 1.0.3
[    1.566234] device-mapper: ioctl: 4.45.0-ioctl (2021-03-22) initialised: dm-devel@redhat.com
[    1.566276] platform eisa.0: Probing EISA bus 0
[    1.566278] platform eisa.0: EISA: Cannot allocate resource for mainboard
[    1.566279] platform eisa.0: Cannot allocate resource for EISA slot 1
[    1.566280] platform eisa.0: Cannot allocate resource for EISA slot 2
[    1.566281] platform eisa.0: Cannot allocate resource for EISA slot 3
[    1.566282] platform eisa.0: Cannot allocate resource for EISA slot 4
[    1.566282] platform eisa.0: Cannot allocate resource for EISA slot 5
[    1.566283] platform eisa.0: Cannot allocate resource for EISA slot 6
[    1.566284] platform eisa.0: Cannot allocate resource for EISA slot 7
[    1.566284] platform eisa.0: Cannot allocate resource for EISA slot 8
[    1.566285] platform eisa.0: EISA: Detected 0 cards
[    1.566738] ledtrig-cpu: registered to indicate activity on CPUs
[    1.567337] drop_monitor: Initializing network drop monitor service
[    1.567648] NET: Registered PF_INET6 protocol family
[    1.573254] input: AT Translated Set 2 keyboard as /devices/platform/i8042/serio0/input/input1
[    1.898554] usb 2-1: new full-speed USB device number 2 using uhci_hcd
[    2.096712] usb 2-1: New USB device found, idVendor=0e0f, idProduct=0008, bcdDevice= 1.00
[    2.096717] usb 2-1: New USB device strings: Mfr=1, Product=2, SerialNumber=3
[    2.096718] usb 2-1: Product: Virtual Bluetooth Adapter
[    2.096720] usb 2-1: Manufacturer: VMware
[    2.096720] usb 2-1: SerialNumber: 000650268328
[    2.225634] usb 2-2: new full-speed USB device number 3 using uhci_hcd
[    2.408886] usb 2-2: New USB device found, idVendor=0e0f, idProduct=0002, bcdDevice= 1.00
[    2.408969] usb 2-2: New USB device strings: Mfr=1, Product=2, SerialNumber=0
[    2.408970] usb 2-2: Product: VMware Virtual USB Hub
[    2.408972] usb 2-2: Manufacturer: VMware, Inc.
[    2.419101] Freeing initrd memory: 63776K
[    2.423898] hub 2-2:1.0: USB hub found
[    2.429803] hub 2-2:1.0: 7 ports detected
[    2.430099] Segment Routing with IPv6
[    2.430112] In-situ OAM (IOAM) with IPv6
[    2.430213] NET: Registered PF_PACKET protocol family
[    2.430471] Key type dns_resolver registered
[    2.431866] IPI shorthand broadcast: enabled
[    2.431932] sched_clock: Marking stable (2427580964, 4219636)->(2431379108, 421492)
[    2.434581] registered taskstats version 1
[    2.435366] Loading compiled-in X.509 certificates
[    2.436393] Loaded X.509 cert 'Build time autogenerated kernel key: 52e754b11b45338343277fbd8546035bc6526e3e'
[    2.437033] Loaded X.509 cert 'Canonical Ltd. Live Patch Signing: 14df34d1a87cf37625abec039ef2bf521249b969'
[    2.437809] Loaded X.509 cert 'Canonical Ltd. Kernel Module Signing: 88f752e560a1e0737e31163a466ad7b70a850c19'
[    2.437810] blacklist: Loading compiled-in revocation X.509 certificates
[    2.437844] Loaded X.509 cert 'Canonical Ltd. Secure Boot Signing: 61482aa2830d0ab2ad5af10b7250da9033ddcef0'
[    2.437870] Loaded X.509 cert 'Canonical Ltd. Secure Boot Signing (2017): 242ade75ac4a15e50d50c84b0d45ff3eae707a03'
[    2.437982] Loaded X.509 cert 'Canonical Ltd. Secure Boot Signing (ESM 2018): 365188c1d374d6b07c3c8f240f8ef722433d6a8b'
[    2.437994] Loaded X.509 cert 'Canonical Ltd. Secure Boot Signing (2019): c0746fd6c5da3ae827864651ad66ae47fe24b3e8'
[    2.438004] Loaded X.509 cert 'Canonical Ltd. Secure Boot Signing (2021 v1): a8d54bbb3825cfb94fa13c9f8a594a195c107b8d'
[    2.438014] Loaded X.509 cert 'Canonical Ltd. Secure Boot Signing (2021 v2): 4cf046892d6fd3c9a5b03f98d845f90851dc6a8c'
[    2.438035] Loaded X.509 cert 'Canonical Ltd. Secure Boot Signing (2021 v3): 100437bb6de6e469b581e61cd66bce3ef4ed53af'
[    2.438045] Loaded X.509 cert 'Canonical Ltd. Secure Boot Signing (Ubuntu Core 2019): c1d57b8f6b743f23ee41f4f7ee292f06eecadfb9'
[    2.580790] zswap: loaded using pool lzo/zbud
[    2.583404] Key type .fscrypt registered
[    2.583406] Key type fscrypt-provisioning registered
[    2.592472] Key type encrypted registered
[    2.592477] AppArmor: AppArmor sha1 policy hashing enabled
[    2.592486] ima: No TPM chip found, activating TPM-bypass!
[    2.592490] Loading compiled-in module X.509 certificates
[    2.593046] Loaded X.509 cert 'Build time autogenerated kernel key: 52e754b11b45338343277fbd8546035bc6526e3e'
[    2.593048] ima: Allocated hash algorithm: sha1
[    2.593053] ima: No architecture policies found
[    2.593061] evm: Initialising EVM extended attributes:
[    2.593062] evm: security.selinux
[    2.593062] evm: security.SMACK64
[    2.593063] evm: security.SMACK64EXEC
[    2.593063] evm: security.SMACK64TRANSMUTE
[    2.593064] evm: security.SMACK64MMAP
[    2.593064] evm: security.apparmor
[    2.593065] evm: security.ima
[    2.593065] evm: security.capability
[    2.593066] evm: HMAC attrs: 0x1
[    2.594394] PM:   Magic number: 11:228:682
[    2.594565] acpi LNXCPU:27: hash matches
[    2.595505] RAS: Correctable Errors collector initialized.
[    2.597841] Freeing unused decrypted memory: 2036K
[    2.598447] Freeing unused kernel image (initmem) memory: 3236K
[    2.615748] Write protecting the kernel read-only data: 30720k
[    2.616890] Freeing unused kernel image (text/rodata gap) memory: 2036K
[    2.617504] Freeing unused kernel image (rodata/data gap) memory: 1496K
[    2.673985] x86/mm: Checked W+X mappings: passed, no W+X pages found.
[    2.674006] Run /init as init process
[    2.674008]   with arguments:
[    2.674009]     /init
[    2.674010]     splash
[    2.674010]   with environment:
[    2.674011]     HOME=/
[    2.674011]     TERM=linux
[    2.674012]     BOOT_IMAGE=/boot/vmlinuz-5.15.0-60-generic
[    3.007896] piix4_smbus 0000:00:07.3: SMBus Host Controller not enabled!
[    3.016362] input: VirtualPS/2 VMware VMMouse as /devices/platform/i8042/serio1/input/input4
[    3.019392] input: VirtualPS/2 VMware VMMouse as /devices/platform/i8042/serio1/input/input3
[    3.019880] e1000: Intel(R) PRO/1000 Network Driver
[    3.019882] e1000: Copyright (c) 1999-2006 Intel Corporation.
[    3.020245] ahci 0000:02:05.0: version 3.0
[    3.020826] Fusion MPT base driver 3.04.20
[    3.020828] Copyright (c) 1999-2008 LSI Corporation
[    3.022118] xhci_hcd 0000:03:00.0: xHCI Host Controller
[    3.022170] xhci_hcd 0000:03:00.0: new USB bus registered, assigned bus number 3
[    3.022499] xhci_hcd 0000:03:00.0: hcc params 0x0388f081 hci version 0x100 quirks 0x0000000000000010
[    3.024221] ahci 0000:02:05.0: AHCI 0001.0300 32 slots 30 ports 6 Gbps 0x3fffffff impl SATA mode
[    3.024225] ahci 0000:02:05.0: flags: 64bit ncq clo only 
[    3.025047] Fusion MPT SPI Host driver 3.04.20
[    3.025435] xhci_hcd 0000:03:00.0: xHCI Host Controller
[    3.025439] xhci_hcd 0000:03:00.0: new USB bus registered, assigned bus number 4
[    3.025442] xhci_hcd 0000:03:00.0: Host supports USB 3.1 Enhanced SuperSpeed
[    3.025517] usb usb3: New USB device found, idVendor=1d6b, idProduct=0002, bcdDevice= 5.15
[    3.025519] usb usb3: New USB device strings: Mfr=3, Product=2, SerialNumber=1
[    3.025520] usb usb3: Product: xHCI Host Controller
[    3.025521] usb usb3: Manufacturer: Linux 5.15.0-60-generic xhci-hcd
[    3.025522] usb usb3: SerialNumber: 0000:03:00.0
[    3.025715] mptbase: ioc0: Initiating bringup
[    3.026209] hub 3-0:1.0: USB hub found
[    3.026235] hub 3-0:1.0: 4 ports detected
[    3.026450] usb usb4: We don't know the algorithms for LPM for this host, disabling LPM.
[    3.026464] usb usb4: New USB device found, idVendor=1d6b, idProduct=0003, bcdDevice= 5.15
[    3.026466] usb usb4: New USB device strings: Mfr=3, Product=2, SerialNumber=1
[    3.026467] usb usb4: Product: xHCI Host Controller
[    3.026468] usb usb4: Manufacturer: Linux 5.15.0-60-generic xhci-hcd
[    3.026469] usb usb4: SerialNumber: 0000:03:00.0
[    3.026738] hub 4-0:1.0: USB hub found
[    3.026797] hub 4-0:1.0: 4 ports detected
[    3.043960] scsi host2: ahci
[    3.044364] scsi host3: ahci
[    3.044840] scsi host4: ahci
[    3.045409] scsi host5: ahci
[    3.045938] scsi host6: ahci
[    3.046491] scsi host7: ahci
[    3.046876] scsi host8: ahci
[    3.047259] scsi host9: ahci
[    3.047914] scsi host10: ahci
[    3.048411] scsi host11: ahci
[    3.048921] scsi host12: ahci
[    3.049338] scsi host13: ahci
[    3.049878] scsi host14: ahci
[    3.050488] scsi host15: ahci
[    3.051030] scsi host16: ahci
[    3.051712] scsi host17: ahci
[    3.052520] scsi host18: ahci
[    3.053032] scsi host19: ahci
[    3.053780] scsi host20: ahci
[    3.054423] scsi host21: ahci
[    3.055148] scsi host22: ahci
[    3.055778] scsi host23: ahci
[    3.056390] scsi host24: ahci
[    3.057211] scsi host25: ahci
[    3.058231] scsi host26: ahci
[    3.058982] scsi host27: ahci
[    3.059909] scsi host28: ahci
[    3.060537] scsi host29: ahci
[    3.061389] scsi host30: ahci
[    3.062060] scsi host31: ahci
[    3.062319] ata3: SATA max UDMA/133 abar m4096@0xfd5ee000 port 0xfd5ee100 irq 56
[    3.062322] ata4: SATA max UDMA/133 abar m4096@0xfd5ee000 port 0xfd5ee180 irq 56
